# serializer version: 1
# name: test_detector[MissingZeroAddressValidation-0.4.25-missing_zero_address_validation.sol]
  list([
    list([
      dict({
        'check': 'missing-zero-check',
        'confidence': 'Medium',
        'description': '''
          C.bad2_transfer(address).addr (tests/detectors/missing-zero-check/0.4.25/missing_zero_address_validation.sol#19) lacks a zero-check on :
          		- addr.transfer(msg.value) (tests/detectors/missing-zero-check/0.4.25/missing_zero_address_validation.sol#20)
  
        ''',
        'elements': list([
          dict({
            'name': 'addr',
            'source_mapping': dict({
              'ending_column': 38,
              'filename_absolute': '/GENERIC_PATH',
              'filename_relative': 'tests/detectors/missing-zero-check/0.4.25/missing_zero_address_validation.sol',
              'filename_short': 'tests/detectors/missing-zero-check/0.4.25/missing_zero_address_validation.sol',
              'is_dependency': False,
              'length': 12,
              'lines': list([
                19,
              ]),
              'start': 393,
              'starting_column': 26,
            }),
            'type': 'variable',
            'type_specific_fields': dict({
              'parent': dict({
                'name': 'bad2_transfer',
                'source_mapping': dict({
                  'ending_column': 4,
                  'filename_absolute': '/GENERIC_PATH',
                  'filename_relative': 'tests/detectors/missing-zero-check/0.4.25/missing_zero_address_validation.sol',
                  'filename_short': 'tests/detectors/missing-zero-check/0.4.25/missing_zero_address_validation.sol',
                  'is_dependency': False,
                  'length': 114,
                  'lines': list([
                    19,
                    20,
                    21,
                  ]),
                  'start': 370,
                  'starting_column': 3,
                }),
                'type': 'function',
                'type_specific_fields': dict({
                  'parent': dict({
                    'name': 'C',
                    'source_mapping': dict({
                      'ending_column': 2,
                      'filename_absolute': '/GENERIC_PATH',
                      'filename_relative': 'tests/detectors/missing-zero-check/0.4.25/missing_zero_address_validation.sol',
                      'filename_short': 'tests/detectors/missing-zero-check/0.4.25/missing_zero_address_validation.sol',
                      'is_dependency': False,
                      'length': 1977,
                      'lines': list([
                        1,
                        2,
                        3,
                        4,
                        5,
                        6,
                        7,
                        8,
                        9,
                        10,
                        11,
                        12,
                        13,
                        14,
                        15,
                        16,
                        17,
                        18,
                        19,
                        20,
                        21,
                        22,
                        23,
                        24,
                        25,
                        26,
                        27,
                        28,
                        29,
                        30,
                        31,
                        32,
                        33,
                        34,
                        35,
                        36,
                        37,
                        38,
                        39,
                        40,
                        41,
                        42,
                        43,
                        44,
                        45,
                        46,
                        47,
                        48,
                        49,
                        50,
                        51,
                        52,
                        53,
                        54,
                        55,
                        56,
                        57,
                        58,
                        59,
                        60,
                        61,
                        62,
                        63,
                        64,
                        65,
                        66,
                        67,
                        68,
                        69,
                        70,
                        71,
                      ]),
                      'start': 0,
                      'starting_column': 1,
                    }),
                    'type': 'contract',
                  }),
                  'signature': 'bad2_transfer(address)',
                }),
              }),
            }),
          }),
          dict({
            'name': 'addr.transfer(msg.value)',
            'source_mapping': dict({
              'ending_column': 29,
              'filename_absolute': '/GENERIC_PATH',
              'filename_relative': 'tests/detectors/missing-zero-check/0.4.25/missing_zero_address_validation.sol',
              'filename_short': 'tests/detectors/missing-zero-check/0.4.25/missing_zero_address_validation.sol',
              'is_dependency': False,
              'length': 24,
              'lines': list([
                20,
              ]),
              'start': 427,
              'starting_column': 5,
            }),
            'type': 'node',
            'type_specific_fields': dict({
              'parent': dict({
                'name': 'bad2_transfer',
                'source_mapping': dict({
                  'ending_column': 4,
                  'filename_absolute': '/GENERIC_PATH',
                  'filename_relative': 'tests/detectors/missing-zero-check/0.4.25/missing_zero_address_validation.sol',
                  'filename_short': 'tests/detectors/missing-zero-check/0.4.25/missing_zero_address_validation.sol',
                  'is_dependency': False,
                  'length': 114,
                  'lines': list([
                    19,
                    20,
                    21,
                  ]),
                  'start': 370,
                  'starting_column': 3,
                }),
                'type': 'function',
                'type_specific_fields': dict({
                  'parent': dict({
                    'name': 'C',
                    'source_mapping': dict({
                      'ending_column': 2,
                      'filename_absolute': '/GENERIC_PATH',
                      'filename_relative': 'tests/detectors/missing-zero-check/0.4.25/missing_zero_address_validation.sol',
                      'filename_short': 'tests/detectors/missing-zero-check/0.4.25/missing_zero_address_validation.sol',
                      'is_dependency': False,
                      'length': 1977,
                      'lines': list([
                        1,
                        2,
                        3,
                        4,
                        5,
                        6,
                        7,
                        8,
                        9,
                        10,
                        11,
                        12,
                        13,
                        14,
                        15,
                        16,
                        17,
                        18,
                        19,
                        20,
                        21,
                        22,
                        23,
                        24,
                        25,
                        26,
                        27,
                        28,
                        29,
                        30,
                        31,
                        32,
                        33,
                        34,
                        35,
                        36,
                        37,
                        38,
                        39,
                        40,
                        41,
                        42,
                        43,
                        44,
                        45,
                        46,
                        47,
                        48,
                        49,
                        50,
                        51,
                        52,
                        53,
                        54,
                        55,
                        56,
                        57,
                        58,
                        59,
                        60,
                        61,
                        62,
                        63,
                        64,
                        65,
                        66,
                        67,
                        68,
                        69,
                        70,
                        71,
                      ]),
                      'start': 0,
                      'starting_column': 1,
                    }),
                    'type': 'contract',
                  }),
                  'signature': 'bad2_transfer(address)',
                }),
              }),
            }),
          }),
        ]),
        'first_markdown_element': 'tests/detectors/missing-zero-check/0.4.25/missing_zero_address_validation.sol#L19',
        'id': '16629b342aad1ee3e0d3f933781eea91f1cb34b1770f84cb38a5d911e15b3476',
        'impact': 'Low',
        'markdown': '''
          [C.bad2_transfer(address).addr](tests/detectors/missing-zero-check/0.4.25/missing_zero_address_validation.sol#L19) lacks a zero-check on :
          		- [addr.transfer(msg.value)](tests/detectors/missing-zero-check/0.4.25/missing_zero_address_validation.sol#L20)
  
        ''',
      }),
      dict({
        'check': 'missing-zero-check',
        'confidence': 'Medium',
        'description': '''
          C.bad3_transfer(address).addr (tests/detectors/missing-zero-check/0.4.25/missing_zero_address_validation.sol#23) lacks a zero-check on :
          		- addr.transfer(msg.value) (tests/detectors/missing-zero-check/0.4.25/missing_zero_address_validation.sol#24)
  
        ''',
        'elements': list([
          dict({
            'name': 'addr',
            'source_mapping': dict({
              'ending_column': 38,
              'filename_absolute': '/GENERIC_PATH',
              'filename_relative': 'tests/detectors/missing-zero-check/0.4.25/missing_zero_address_validation.sol',
              'filename_short': 'tests/detectors/missing-zero-check/0.4.25/missing_zero_address_validation.sol',
              'is_dependency': False,
              'length': 12,
              'lines': list([
                23,
              ]),
              'start': 511,
              'starting_column': 26,
            }),
            'type': 'variable',
            'type_specific_fields': dict({
              'parent': dict({
                'name': 'bad3_transfer',
                'source_mapping': dict({
                  'ending_column': 4,
                  'filename_absolute': '/GENERIC_PATH',
                  'filename_relative': 'tests/detectors/missing-zero-check/0.4.25/missing_zero_address_validation.sol',
                  'filename_short': 'tests/detectors/missing-zero-check/0.4.25/missing_zero_address_validation.sol',
                  'is_dependency': False,
                  'length': 195,
                  'lines': list([
                    23,
                    24,
                    25,
                    26,
                  ]),
                  'start': 488,
                  'starting_column': 3,
                }),
                'type': 'function',
                'type_specific_fields': dict({
                  'parent': dict({
                    'name': 'C',
                    'source_mapping': dict({
                      'ending_column': 2,
                      'filename_absolute': '/GENERIC_PATH',
                      'filename_relative': 'tests/detectors/missing-zero-check/0.4.25/missing_zero_address_validation.sol',
                      'filename_short': 'tests/detectors/missing-zero-check/0.4.25/missing_zero_address_validation.sol',
                      'is_dependency': False,
                      'length': 1977,
                      'lines': list([
                        1,
                        2,
                        3,
                        4,
                        5,
                        6,
                        7,
                        8,
                        9,
                        10,
                        11,
                        12,
                        13,
                        14,
                        15,
                        16,
                        17,
                        18,
                        19,
                        20,
                        21,
                        22,
                        23,
                        24,
                        25,
                        26,
                        27,
                        28,
                        29,
                        30,
                        31,
                        32,
                        33,
                        34,
                        35,
                        36,
                        37,
                        38,
                        39,
                        40,
                        41,
                        42,
                        43,
                        44,
                        45,
                        46,
                        47,
                        48,
                        49,
                        50,
                        51,
                        52,
                        53,
                        54,
                        55,
                        56,
                        57,
                        58,
                        59,
                        60,
                        61,
                        62,
                        63,
                        64,
                        65,
                        66,
                        67,
                        68,
                        69,
                        70,
                        71,
                      ]),
                      'start': 0,
                      'starting_column': 1,
                    }),
                    'type': 'contract',
                  }),
                  'signature': 'bad3_transfer(address)',
                }),
              }),
            }),
          }),
          dict({
            'name': 'addr.transfer(msg.value)',
            'source_mapping': dict({
              'ending_column': 29,
              'filename_absolute': '/GENERIC_PATH',
              'filename_relative': 'tests/detectors/missing-zero-check/0.4.25/missing_zero_address_validation.sol',
              'filename_short': 'tests/detectors/missing-zero-check/0.4.25/missing_zero_address_validation.sol',
              'is_dependency': False,
              'length': 24,
              'lines': list([
                24,
              ]),
              'start': 545,
              'starting_column': 5,
            }),
            'type': 'node',
            'type_specific_fields': dict({
              'parent': dict({
                'name': 'bad3_transfer',
                'source_mapping': dict({
                  'ending_column': 4,
                  'filename_absolute': '/GENERIC_PATH',
                  'filename_relative': 'tests/detectors/missing-zero-check/0.4.25/missing_zero_address_validation.sol',
                  'filename_short': 'tests/detectors/missing-zero-check/0.4.25/missing_zero_address_validation.sol',
                  'is_dependency': False,
                  'length': 195,
                  'lines': list([
                    23,
                    24,
                    25,
                    26,
                  ]),
                  'start': 488,
                  'starting_column': 3,
                }),
                'type': 'function',
                'type_specific_fields': dict({
                  'parent': dict({
                    'name': 'C',
                    'source_mapping': dict({
                      'ending_column': 2,
                      'filename_absolute': '/GENERIC_PATH',
                      'filename_relative': 'tests/detectors/missing-zero-check/0.4.25/missing_zero_address_validation.sol',
                      'filename_short': 'tests/detectors/missing-zero-check/0.4.25/missing_zero_address_validation.sol',
                      'is_dependency': False,
                      'length': 1977,
                      'lines': list([
                        1,
                        2,
                        3,
                        4,
                        5,
                        6,
                        7,
                        8,
                        9,
                        10,
                        11,
                        12,
                        13,
                        14,
                        15,
                        16,
                        17,
                        18,
                        19,
                        20,
                        21,
                        22,
                        23,
                        24,
                        25,
                        26,
                        27,
                        28,
                        29,
                        30,
                        31,
                        32,
                        33,
                        34,
                        35,
                        36,
                        37,
                        38,
                        39,
                        40,
                        41,
                        42,
                        43,
                        44,
                        45,
                        46,
                        47,
                        48,
                        49,
                        50,
                        51,
                        52,
                        53,
                        54,
                        55,
                        56,
                        57,
                        58,
                        59,
                        60,
                        61,
                        62,
                        63,
                        64,
                        65,
                        66,
                        67,
                        68,
                        69,
                        70,
                        71,
                      ]),
                      'start': 0,
                      'starting_column': 1,
                    }),
                    'type': 'contract',
                  }),
                  'signature': 'bad3_transfer(address)',
                }),
              }),
            }),
          }),
        ]),
        'first_markdown_element': 'tests/detectors/missing-zero-check/0.4.25/missing_zero_address_validation.sol#L23',
        'id': '27318d51c369e1e169a889a6c2678a023a22e1e3a691ab41a429684e338d2d1e',
        'impact': 'Low',
        'markdown': '''
          [C.bad3_transfer(address).addr](tests/detectors/missing-zero-check/0.4.25/missing_zero_address_validation.sol#L23) lacks a zero-check on :
          		- [addr.transfer(msg.value)](tests/detectors/missing-zero-check/0.4.25/missing_zero_address_validation.sol#L24)
  
        ''',
      }),
      dict({
        'check': 'missing-zero-check',
        'confidence': 'Medium',
        'description': '''
          C.bad4_call(address).addr (tests/detectors/missing-zero-check/0.4.25/missing_zero_address_validation.sol#28) lacks a zero-check on :
          		- addr.call.value(msg.value)() (tests/detectors/missing-zero-check/0.4.25/missing_zero_address_validation.sol#29)
  
        ''',
        'elements': list([
          dict({
            'name': 'addr',
            'source_mapping': dict({
              'ending_column': 34,
              'filename_absolute': '/GENERIC_PATH',
              'filename_relative': 'tests/detectors/missing-zero-check/0.4.25/missing_zero_address_validation.sol',
              'filename_short': 'tests/detectors/missing-zero-check/0.4.25/missing_zero_address_validation.sol',
              'is_dependency': False,
              'length': 12,
              'lines': list([
                28,
              ]),
              'start': 706,
              'starting_column': 22,
            }),
            'type': 'variable',
            'type_specific_fields': dict({
              'parent': dict({
                'name': 'bad4_call',
                'source_mapping': dict({
                  'ending_column': 4,
                  'filename_absolute': '/GENERIC_PATH',
                  'filename_relative': 'tests/detectors/missing-zero-check/0.4.25/missing_zero_address_validation.sol',
                  'filename_short': 'tests/detectors/missing-zero-check/0.4.25/missing_zero_address_validation.sol',
                  'is_dependency': False,
                  'length': 112,
                  'lines': list([
                    28,
                    29,
                    30,
                  ]),
                  'start': 687,
                  'starting_column': 3,
                }),
                'type': 'function',
                'type_specific_fields': dict({
                  'parent': dict({
                    'name': 'C',
                    'source_mapping': dict({
                      'ending_column': 2,
                      'filename_absolute': '/GENERIC_PATH',
                      'filename_relative': 'tests/detectors/missing-zero-check/0.4.25/missing_zero_address_validation.sol',
                      'filename_short': 'tests/detectors/missing-zero-check/0.4.25/missing_zero_address_validation.sol',
                      'is_dependency': False,
                      'length': 1977,
                      'lines': list([
                        1,
                        2,
                        3,
                        4,
                        5,
                        6,
                        7,
                        8,
                        9,
                        10,
                        11,
                        12,
                        13,
                        14,
                        15,
                        16,
                        17,
                        18,
                        19,
                        20,
                        21,
                        22,
                        23,
                        24,
                        25,
                        26,
                        27,
                        28,
                        29,
                        30,
                        31,
                        32,
                        33,
                        34,
                        35,
                        36,
                        37,
                        38,
                        39,
                        40,
                        41,
                        42,
                        43,
                        44,
                        45,
                        46,
                        47,
                        48,
                        49,
                        50,
                        51,
                        52,
                        53,
                        54,
                        55,
                        56,
                        57,
                        58,
                        59,
                        60,
                        61,
                        62,
                        63,
                        64,
                        65,
                        66,
                        67,
                        68,
                        69,
                        70,
                        71,
                      ]),
                      'start': 0,
                      'starting_column': 1,
                    }),
                    'type': 'contract',
                  }),
                  'signature': 'bad4_call(address)',
                }),
              }),
            }),
          }),
          dict({
            'name': 'addr.call.value(msg.value)()',
            'source_mapping': dict({
              'ending_column': 35,
              'filename_absolute': '/GENERIC_PATH',
              'filename_relative': 'tests/detectors/missing-zero-check/0.4.25/missing_zero_address_validation.sol',
              'filename_short': 'tests/detectors/missing-zero-check/0.4.25/missing_zero_address_validation.sol',
              'is_dependency': False,
              'length': 30,
              'lines': list([
                29,
              ]),
              'start': 740,
              'starting_column': 5,
            }),
            'type': 'node',
            'type_specific_fields': dict({
              'parent': dict({
                'name': 'bad4_call',
                'source_mapping': dict({
                  'ending_column': 4,
                  'filename_absolute': '/GENERIC_PATH',
                  'filename_relative': 'tests/detectors/missing-zero-check/0.4.25/missing_zero_address_validation.sol',
                  'filename_short': 'tests/detectors/missing-zero-check/0.4.25/missing_zero_address_validation.sol',
                  'is_dependency': False,
                  'length': 112,
                  'lines': list([
                    28,
                    29,
                    30,
                  ]),
                  'start': 687,
                  'starting_column': 3,
                }),
                'type': 'function',
                'type_specific_fields': dict({
                  'parent': dict({
                    'name': 'C',
                    'source_mapping': dict({
                      'ending_column': 2,
                      'filename_absolute': '/GENERIC_PATH',
                      'filename_relative': 'tests/detectors/missing-zero-check/0.4.25/missing_zero_address_validation.sol',
                      'filename_short': 'tests/detectors/missing-zero-check/0.4.25/missing_zero_address_validation.sol',
                      'is_dependency': False,
                      'length': 1977,
                      'lines': list([
                        1,
                        2,
                        3,
                        4,
                        5,
                        6,
                        7,
                        8,
                        9,
                        10,
                        11,
                        12,
                        13,
                        14,
                        15,
                        16,
                        17,
                        18,
                        19,
                        20,
                        21,
                        22,
                        23,
                        24,
                        25,
                        26,
                        27,
                        28,
                        29,
                        30,
                        31,
                        32,
                        33,
                        34,
                        35,
                        36,
                        37,
                        38,
                        39,
                        40,
                        41,
                        42,
                        43,
                        44,
                        45,
                        46,
                        47,
                        48,
                        49,
                        50,
                        51,
                        52,
                        53,
                        54,
                        55,
                        56,
                        57,
                        58,
                        59,
                        60,
                        61,
                        62,
                        63,
                        64,
                        65,
                        66,
                        67,
                        68,
                        69,
                        70,
                        71,
                      ]),
                      'start': 0,
                      'starting_column': 1,
                    }),
                    'type': 'contract',
                  }),
                  'signature': 'bad4_call(address)',
                }),
              }),
            }),
          }),
        ]),
        'first_markdown_element': 'tests/detectors/missing-zero-check/0.4.25/missing_zero_address_validation.sol#L28',
        'id': '34b73dbecfa159bc5631cb95ff2343c92792d80f448fc425b7d1bba399108073',
        'impact': 'Low',
        'markdown': '''
          [C.bad4_call(address).addr](tests/detectors/missing-zero-check/0.4.25/missing_zero_address_validation.sol#L28) lacks a zero-check on :
          		- [addr.call.value(msg.value)()](tests/detectors/missing-zero-check/0.4.25/missing_zero_address_validation.sol#L29)
  
        ''',
      }),
      dict({
        'check': 'missing-zero-check',
        'confidence': 'Medium',
        'description': '''
          C.bad0_set_owner(address).new_owner (tests/detectors/missing-zero-check/0.4.25/missing_zero_address_validation.sol#10) lacks a zero-check on :
          		- owner = new_owner (tests/detectors/missing-zero-check/0.4.25/missing_zero_address_validation.sol#11)
  
        ''',
        'elements': list([
          dict({
            'name': 'new_owner',
            'source_mapping': dict({
              'ending_column': 44,
              'filename_absolute': '/GENERIC_PATH',
              'filename_relative': 'tests/detectors/missing-zero-check/0.4.25/missing_zero_address_validation.sol',
              'filename_short': 'tests/detectors/missing-zero-check/0.4.25/missing_zero_address_validation.sol',
              'is_dependency': False,
              'length': 17,
              'lines': list([
                10,
              ]),
              'start': 149,
              'starting_column': 27,
            }),
            'type': 'variable',
            'type_specific_fields': dict({
              'parent': dict({
                'name': 'bad0_set_owner',
                'source_mapping': dict({
                  'ending_column': 4,
                  'filename_absolute': '/GENERIC_PATH',
                  'filename_relative': 'tests/detectors/missing-zero-check/0.4.25/missing_zero_address_validation.sol',
                  'filename_short': 'tests/detectors/missing-zero-check/0.4.25/missing_zero_address_validation.sol',
                  'is_dependency': False,
                  'length': 108,
                  'lines': list([
                    10,
                    11,
                    12,
                  ]),
                  'start': 125,
                  'starting_column': 3,
                }),
                'type': 'function',
                'type_specific_fields': dict({
                  'parent': dict({
                    'name': 'C',
                    'source_mapping': dict({
                      'ending_column': 2,
                      'filename_absolute': '/GENERIC_PATH',
                      'filename_relative': 'tests/detectors/missing-zero-check/0.4.25/missing_zero_address_validation.sol',
                      'filename_short': 'tests/detectors/missing-zero-check/0.4.25/missing_zero_address_validation.sol',
                      'is_dependency': False,
                      'length': 1977,
                      'lines': list([
                        1,
                        2,
                        3,
                        4,
                        5,
                        6,
                        7,
                        8,
                        9,
                        10,
                        11,
                        12,
                        13,
                        14,
                        15,
                        16,
                        17,
                        18,
                        19,
                        20,
                        21,
                        22,
                        23,
                        24,
                        25,
                        26,
                        27,
                        28,
                        29,
                        30,
                        31,
                        32,
                        33,
                        34,
                        35,
                        36,
                        37,
                        38,
                        39,
                        40,
                        41,
                        42,
                        43,
                        44,
                        45,
                        46,
                        47,
                        48,
                        49,
                        50,
                        51,
                        52,
                        53,
                        54,
                        55,
                        56,
                        57,
                        58,
                        59,
                        60,
                        61,
                        62,
                        63,
                        64,
                        65,
                        66,
                        67,
                        68,
                        69,
                        70,
                        71,
                      ]),
                      'start': 0,
                      'starting_column': 1,
                    }),
                    'type': 'contract',
                  }),
                  'signature': 'bad0_set_owner(address)',
                }),
              }),
            }),
          }),
          dict({
            'name': 'owner = new_owner',
            'source_mapping': dict({
              'ending_column': 22,
              'filename_absolute': '/GENERIC_PATH',
              'filename_relative': 'tests/detectors/missing-zero-check/0.4.25/missing_zero_address_validation.sol',
              'filename_short': 'tests/detectors/missing-zero-check/0.4.25/missing_zero_address_validation.sol',
              'is_dependency': False,
              'length': 17,
              'lines': list([
                11,
              ]),
              'start': 188,
              'starting_column': 5,
            }),
            'type': 'node',
            'type_specific_fields': dict({
              'parent': dict({
                'name': 'bad0_set_owner',
                'source_mapping': dict({
                  'ending_column': 4,
                  'filename_absolute': '/GENERIC_PATH',
                  'filename_relative': 'tests/detectors/missing-zero-check/0.4.25/missing_zero_address_validation.sol',
                  'filename_short': 'tests/detectors/missing-zero-check/0.4.25/missing_zero_address_validation.sol',
                  'is_dependency': False,
                  'length': 108,
                  'lines': list([
                    10,
                    11,
                    12,
                  ]),
                  'start': 125,
                  'starting_column': 3,
                }),
                'type': 'function',
                'type_specific_fields': dict({
                  'parent': dict({
                    'name': 'C',
                    'source_mapping': dict({
                      'ending_column': 2,
                      'filename_absolute': '/GENERIC_PATH',
                      'filename_relative': 'tests/detectors/missing-zero-check/0.4.25/missing_zero_address_validation.sol',
                      'filename_short': 'tests/detectors/missing-zero-check/0.4.25/missing_zero_address_validation.sol',
                      'is_dependency': False,
                      'length': 1977,
                      'lines': list([
                        1,
                        2,
                        3,
                        4,
                        5,
                        6,
                        7,
                        8,
                        9,
                        10,
                        11,
                        12,
                        13,
                        14,
                        15,
                        16,
                        17,
                        18,
                        19,
                        20,
                        21,
                        22,
                        23,
                        24,
                        25,
                        26,
                        27,
                        28,
                        29,
                        30,
                        31,
                        32,
                        33,
                        34,
                        35,
                        36,
                        37,
                        38,
                        39,
                        40,
                        41,
                        42,
                        43,
                        44,
                        45,
                        46,
                        47,
                        48,
                        49,
                        50,
                        51,
                        52,
                        53,
                        54,
                        55,
                        56,
                        57,
                        58,
                        59,
                        60,
                        61,
                        62,
                        63,
                        64,
                        65,
                        66,
                        67,
                        68,
                        69,
                        70,
                        71,
                      ]),
                      'start': 0,
                      'starting_column': 1,
                    }),
                    'type': 'contract',
                  }),
                  'signature': 'bad0_set_owner(address)',
                }),
              }),
            }),
          }),
        ]),
        'first_markdown_element': 'tests/detectors/missing-zero-check/0.4.25/missing_zero_address_validation.sol#L10',
        'id': '4215a731670a0150f45d8cd682dc81ed85ffd5268cbad6ac9fe8bd044e54f74d',
        'impact': 'Low',
        'markdown': '''
          [C.bad0_set_owner(address).new_owner](tests/detectors/missing-zero-check/0.4.25/missing_zero_address_validation.sol#L10) lacks a zero-check on :
          		- [owner = new_owner](tests/detectors/missing-zero-check/0.4.25/missing_zero_address_validation.sol#L11)
  
        ''',
      }),
      dict({
        'check': 'missing-zero-check',
        'confidence': 'Medium',
        'description': '''
          C.bad1_send(address).addr (tests/detectors/missing-zero-check/0.4.25/missing_zero_address_validation.sol#14) lacks a zero-check on :
          		- addr.send(msg.value) (tests/detectors/missing-zero-check/0.4.25/missing_zero_address_validation.sol#15)
          		- addr.send(msg.value) (tests/detectors/missing-zero-check/0.4.25/missing_zero_address_validation.sol#16)
  
        ''',
        'elements': list([
          dict({
            'name': 'addr',
            'source_mapping': dict({
              'ending_column': 34,
              'filename_absolute': '/GENERIC_PATH',
              'filename_relative': 'tests/detectors/missing-zero-check/0.4.25/missing_zero_address_validation.sol',
              'filename_short': 'tests/detectors/missing-zero-check/0.4.25/missing_zero_address_validation.sol',
              'is_dependency': False,
              'length': 12,
              'lines': list([
                14,
              ]),
              'start': 256,
              'starting_column': 22,
            }),
            'type': 'variable',
            'type_specific_fields': dict({
              'parent': dict({
                'name': 'bad1_send',
                'source_mapping': dict({
                  'ending_column': 4,
                  'filename_absolute': '/GENERIC_PATH',
                  'filename_relative': 'tests/detectors/missing-zero-check/0.4.25/missing_zero_address_validation.sol',
                  'filename_short': 'tests/detectors/missing-zero-check/0.4.25/missing_zero_address_validation.sol',
                  'is_dependency': False,
                  'length': 129,
                  'lines': list([
                    14,
                    15,
                    16,
                    17,
                  ]),
                  'start': 237,
                  'starting_column': 3,
                }),
                'type': 'function',
                'type_specific_fields': dict({
                  'parent': dict({
                    'name': 'C',
                    'source_mapping': dict({
                      'ending_column': 2,
                      'filename_absolute': '/GENERIC_PATH',
                      'filename_relative': 'tests/detectors/missing-zero-check/0.4.25/missing_zero_address_validation.sol',
                      'filename_short': 'tests/detectors/missing-zero-check/0.4.25/missing_zero_address_validation.sol',
                      'is_dependency': False,
                      'length': 1977,
                      'lines': list([
                        1,
                        2,
                        3,
                        4,
                        5,
                        6,
                        7,
                        8,
                        9,
                        10,
                        11,
                        12,
                        13,
                        14,
                        15,
                        16,
                        17,
                        18,
                        19,
                        20,
                        21,
                        22,
                        23,
                        24,
                        25,
                        26,
                        27,
                        28,
                        29,
                        30,
                        31,
                        32,
                        33,
                        34,
                        35,
                        36,
                        37,
                        38,
                        39,
                        40,
                        41,
                        42,
                        43,
                        44,
                        45,
                        46,
                        47,
                        48,
                        49,
                        50,
                        51,
                        52,
                        53,
                        54,
                        55,
                        56,
                        57,
                        58,
                        59,
                        60,
                        61,
                        62,
                        63,
                        64,
                        65,
                        66,
                        67,
                        68,
                        69,
                        70,
                        71,
                      ]),
                      'start': 0,
                      'starting_column': 1,
                    }),
                    'type': 'contract',
                  }),
                  'signature': 'bad1_send(address)',
                }),
              }),
            }),
          }),
          dict({
            'name': 'addr.send(msg.value)',
            'source_mapping': dict({
              'ending_column': 25,
              'filename_absolute': '/GENERIC_PATH',
              'filename_relative': 'tests/detectors/missing-zero-check/0.4.25/missing_zero_address_validation.sol',
              'filename_short': 'tests/detectors/missing-zero-check/0.4.25/missing_zero_address_validation.sol',
              'is_dependency': False,
              'length': 20,
              'lines': list([
                15,
              ]),
              'start': 290,
              'starting_column': 5,
            }),
            'type': 'node',
            'type_specific_fields': dict({
              'parent': dict({
                'name': 'bad1_send',
                'source_mapping': dict({
                  'ending_column': 4,
                  'filename_absolute': '/GENERIC_PATH',
                  'filename_relative': 'tests/detectors/missing-zero-check/0.4.25/missing_zero_address_validation.sol',
                  'filename_short': 'tests/detectors/missing-zero-check/0.4.25/missing_zero_address_validation.sol',
                  'is_dependency': False,
                  'length': 129,
                  'lines': list([
                    14,
                    15,
                    16,
                    17,
                  ]),
                  'start': 237,
                  'starting_column': 3,
                }),
                'type': 'function',
                'type_specific_fields': dict({
                  'parent': dict({
                    'name': 'C',
                    'source_mapping': dict({
                      'ending_column': 2,
                      'filename_absolute': '/GENERIC_PATH',
                      'filename_relative': 'tests/detectors/missing-zero-check/0.4.25/missing_zero_address_validation.sol',
                      'filename_short': 'tests/detectors/missing-zero-check/0.4.25/missing_zero_address_validation.sol',
                      'is_dependency': False,
                      'length': 1977,
                      'lines': list([
                        1,
                        2,
                        3,
                        4,
                        5,
                        6,
                        7,
                        8,
                        9,
                        10,
                        11,
                        12,
                        13,
                        14,
                        15,
                        16,
                        17,
                        18,
                        19,
                        20,
                        21,
                        22,
                        23,
                        24,
                        25,
                        26,
                        27,
                        28,
                        29,
                        30,
                        31,
                        32,
                        33,
                        34,
                        35,
                        36,
                        37,
                        38,
                        39,
                        40,
                        41,
                        42,
                        43,
                        44,
                        45,
                        46,
                        47,
                        48,
                        49,
                        50,
                        51,
                        52,
                        53,
                        54,
                        55,
                        56,
                        57,
                        58,
                        59,
                        60,
                        61,
                        62,
                        63,
                        64,
                        65,
                        66,
                        67,
                        68,
                        69,
                        70,
                        71,
                      ]),
                      'start': 0,
                      'starting_column': 1,
                    }),
                    'type': 'contract',
                  }),
                  'signature': 'bad1_send(address)',
                }),
              }),
            }),
          }),
          dict({
            'name': 'addr.send(msg.value)',
            'source_mapping': dict({
              'ending_column': 25,
              'filename_absolute': '/GENERIC_PATH',
              'filename_relative': 'tests/detectors/missing-zero-check/0.4.25/missing_zero_address_validation.sol',
              'filename_short': 'tests/detectors/missing-zero-check/0.4.25/missing_zero_address_validation.sol',
              'is_dependency': False,
              'length': 20,
              'lines': list([
                16,
              ]),
              'start': 340,
              'starting_column': 5,
            }),
            'type': 'node',
            'type_specific_fields': dict({
              'parent': dict({
                'name': 'bad1_send',
                'source_mapping': dict({
                  'ending_column': 4,
                  'filename_absolute': '/GENERIC_PATH',
                  'filename_relative': 'tests/detectors/missing-zero-check/0.4.25/missing_zero_address_validation.sol',
                  'filename_short': 'tests/detectors/missing-zero-check/0.4.25/missing_zero_address_validation.sol',
                  'is_dependency': False,
                  'length': 129,
                  'lines': list([
                    14,
                    15,
                    16,
                    17,
                  ]),
                  'start': 237,
                  'starting_column': 3,
                }),
                'type': 'function',
                'type_specific_fields': dict({
                  'parent': dict({
                    'name': 'C',
                    'source_mapping': dict({
                      'ending_column': 2,
                      'filename_absolute': '/GENERIC_PATH',
                      'filename_relative': 'tests/detectors/missing-zero-check/0.4.25/missing_zero_address_validation.sol',
                      'filename_short': 'tests/detectors/missing-zero-check/0.4.25/missing_zero_address_validation.sol',
                      'is_dependency': False,
                      'length': 1977,
                      'lines': list([
                        1,
                        2,
                        3,
                        4,
                        5,
                        6,
                        7,
                        8,
                        9,
                        10,
                        11,
                        12,
                        13,
                        14,
                        15,
                        16,
                        17,
                        18,
                        19,
                        20,
                        21,
                        22,
                        23,
                        24,
                        25,
                        26,
                        27,
                        28,
                        29,
                        30,
                        31,
                        32,
                        33,
                        34,
                        35,
                        36,
                        37,
                        38,
                        39,
                        40,
                        41,
                        42,
                        43,
                        44,
                        45,
                        46,
                        47,
                        48,
                        49,
                        50,
                        51,
                        52,
                        53,
                        54,
                        55,
                        56,
                        57,
                        58,
                        59,
                        60,
                        61,
                        62,
                        63,
                        64,
                        65,
                        66,
                        67,
                        68,
                        69,
                        70,
                        71,
                      ]),
                      'start': 0,
                      'starting_column': 1,
                    }),
                    'type': 'contract',
                  }),
                  'signature': 'bad1_send(address)',
                }),
              }),
            }),
          }),
        ]),
        'first_markdown_element': 'tests/detectors/missing-zero-check/0.4.25/missing_zero_address_validation.sol#L14',
        'id': 'dd2af335a7782a70944073bf1cf5dea69845ddcf6a45ea86a9fcf59793b151c8',
        'impact': 'Low',
        'markdown': '''
          [C.bad1_send(address).addr](tests/detectors/missing-zero-check/0.4.25/missing_zero_address_validation.sol#L14) lacks a zero-check on :
          		- [addr.send(msg.value)](tests/detectors/missing-zero-check/0.4.25/missing_zero_address_validation.sol#L15)
          		- [addr.send(msg.value)](tests/detectors/missing-zero-check/0.4.25/missing_zero_address_validation.sol#L16)
  
        ''',
      }),
    ]),
  ])
# ---
