# serializer version: 1
# name: test_detector[IncorrectStrictEquality-0.4.25-incorrect_equality.sol]
  list([
    list([
      dict({
        'check': 'incorrect-equality',
        'confidence': 'High',
        'description': '''
          TestContractBalance.bad0() (tests/detectors/incorrect-equality/0.4.25/incorrect_equality.sol#32-35) uses a dangerous strict equality:
          	- require(bool)(address(address(this)).balance == 10000000000000000000) (tests/detectors/incorrect-equality/0.4.25/incorrect_equality.sol#33)
  
        ''',
        'elements': list([
          dict({
            'name': 'bad0',
            'source_mapping': dict({
              'ending_column': 6,
              'filename_absolute': '/GENERIC_PATH',
              'filename_relative': 'tests/detectors/incorrect-equality/0.4.25/incorrect_equality.sol',
              'filename_short': 'tests/detectors/incorrect-equality/0.4.25/incorrect_equality.sol',
              'is_dependency': False,
              'length': 133,
              'lines': list([
                32,
                33,
                34,
                35,
              ]),
              'start': 648,
              'starting_column': 5,
            }),
            'type': 'function',
            'type_specific_fields': dict({
              'parent': dict({
                'name': 'TestContractBalance',
                'source_mapping': dict({
                  'ending_column': 2,
                  'filename_absolute': '/GENERIC_PATH',
                  'filename_relative': 'tests/detectors/incorrect-equality/0.4.25/incorrect_equality.sol',
                  'filename_short': 'tests/detectors/incorrect-equality/0.4.25/incorrect_equality.sol',
                  'is_dependency': False,
                  'length': 1754,
                  'lines': list([
                    30,
                    31,
                    32,
                    33,
                    34,
                    35,
                    36,
                    37,
                    38,
                    39,
                    40,
                    41,
                    42,
                    43,
                    44,
                    45,
                    46,
                    47,
                    48,
                    49,
                    50,
                    51,
                    52,
                    53,
                    54,
                    55,
                    56,
                    57,
                    58,
                    59,
                    60,
                    61,
                    62,
                    63,
                    64,
                    65,
                    66,
                    67,
                    68,
                    69,
                    70,
                    71,
                    72,
                    73,
                    74,
                    75,
                    76,
                    77,
                    78,
                    79,
                    80,
                    81,
                    82,
                    83,
                    84,
                    85,
                    86,
                    87,
                    88,
                    89,
                    90,
                    91,
                    92,
                    93,
                    94,
                    95,
                    96,
                    97,
                  ]),
                  'start': 612,
                  'starting_column': 1,
                }),
                'type': 'contract',
              }),
              'signature': 'bad0()',
            }),
          }),
          dict({
            'name': 'require(bool)(address(address(this)).balance == 10000000000000000000)',
            'source_mapping': dict({
              'ending_column': 60,
              'filename_absolute': '/GENERIC_PATH',
              'filename_relative': 'tests/detectors/incorrect-equality/0.4.25/incorrect_equality.sol',
              'filename_short': 'tests/detectors/incorrect-equality/0.4.25/incorrect_equality.sol',
              'is_dependency': False,
              'length': 51,
              'lines': list([
                33,
              ]),
              'start': 683,
              'starting_column': 9,
            }),
            'type': 'node',
            'type_specific_fields': dict({
              'parent': dict({
                'name': 'bad0',
                'source_mapping': dict({
                  'ending_column': 6,
                  'filename_absolute': '/GENERIC_PATH',
                  'filename_relative': 'tests/detectors/incorrect-equality/0.4.25/incorrect_equality.sol',
                  'filename_short': 'tests/detectors/incorrect-equality/0.4.25/incorrect_equality.sol',
                  'is_dependency': False,
                  'length': 133,
                  'lines': list([
                    32,
                    33,
                    34,
                    35,
                  ]),
                  'start': 648,
                  'starting_column': 5,
                }),
                'type': 'function',
                'type_specific_fields': dict({
                  'parent': dict({
                    'name': 'TestContractBalance',
                    'source_mapping': dict({
                      'ending_column': 2,
                      'filename_absolute': '/GENERIC_PATH',
                      'filename_relative': 'tests/detectors/incorrect-equality/0.4.25/incorrect_equality.sol',
                      'filename_short': 'tests/detectors/incorrect-equality/0.4.25/incorrect_equality.sol',
                      'is_dependency': False,
                      'length': 1754,
                      'lines': list([
                        30,
                        31,
                        32,
                        33,
                        34,
                        35,
                        36,
                        37,
                        38,
                        39,
                        40,
                        41,
                        42,
                        43,
                        44,
                        45,
                        46,
                        47,
                        48,
                        49,
                        50,
                        51,
                        52,
                        53,
                        54,
                        55,
                        56,
                        57,
                        58,
                        59,
                        60,
                        61,
                        62,
                        63,
                        64,
                        65,
                        66,
                        67,
                        68,
                        69,
                        70,
                        71,
                        72,
                        73,
                        74,
                        75,
                        76,
                        77,
                        78,
                        79,
                        80,
                        81,
                        82,
                        83,
                        84,
                        85,
                        86,
                        87,
                        88,
                        89,
                        90,
                        91,
                        92,
                        93,
                        94,
                        95,
                        96,
                        97,
                      ]),
                      'start': 612,
                      'starting_column': 1,
                    }),
                    'type': 'contract',
                  }),
                  'signature': 'bad0()',
                }),
              }),
            }),
          }),
        ]),
        'first_markdown_element': 'tests/detectors/incorrect-equality/0.4.25/incorrect_equality.sol#L32-L35',
        'id': '126f956451cb4dcbdac6edb66148b23eabc789962d4fa3a8bd22a682c6c5bfd4',
        'impact': 'Medium',
        'markdown': '''
          [TestContractBalance.bad0()](tests/detectors/incorrect-equality/0.4.25/incorrect_equality.sol#L32-L35) uses a dangerous strict equality:
          	- [require(bool)(address(address(this)).balance == 10000000000000000000)](tests/detectors/incorrect-equality/0.4.25/incorrect_equality.sol#L33)
  
        ''',
      }),
      dict({
        'check': 'incorrect-equality',
        'confidence': 'High',
        'description': '''
          TestContractBalance.bad6() (tests/detectors/incorrect-equality/0.4.25/incorrect_equality.sol#66-71) uses a dangerous strict equality:
          	- balance == 10000000000000000000 (tests/detectors/incorrect-equality/0.4.25/incorrect_equality.sol#68)
  
        ''',
        'elements': list([
          dict({
            'name': 'bad6',
            'source_mapping': dict({
              'ending_column': 6,
              'filename_absolute': '/GENERIC_PATH',
              'filename_relative': 'tests/detectors/incorrect-equality/0.4.25/incorrect_equality.sol',
              'filename_short': 'tests/detectors/incorrect-equality/0.4.25/incorrect_equality.sol',
              'is_dependency': False,
              'length': 179,
              'lines': list([
                66,
                67,
                68,
                69,
                70,
                71,
              ]),
              'start': 1538,
              'starting_column': 5,
            }),
            'type': 'function',
            'type_specific_fields': dict({
              'parent': dict({
                'name': 'TestContractBalance',
                'source_mapping': dict({
                  'ending_column': 2,
                  'filename_absolute': '/GENERIC_PATH',
                  'filename_relative': 'tests/detectors/incorrect-equality/0.4.25/incorrect_equality.sol',
                  'filename_short': 'tests/detectors/incorrect-equality/0.4.25/incorrect_equality.sol',
                  'is_dependency': False,
                  'length': 1754,
                  'lines': list([
                    30,
                    31,
                    32,
                    33,
                    34,
                    35,
                    36,
                    37,
                    38,
                    39,
                    40,
                    41,
                    42,
                    43,
                    44,
                    45,
                    46,
                    47,
                    48,
                    49,
                    50,
                    51,
                    52,
                    53,
                    54,
                    55,
                    56,
                    57,
                    58,
                    59,
                    60,
                    61,
                    62,
                    63,
                    64,
                    65,
                    66,
                    67,
                    68,
                    69,
                    70,
                    71,
                    72,
                    73,
                    74,
                    75,
                    76,
                    77,
                    78,
                    79,
                    80,
                    81,
                    82,
                    83,
                    84,
                    85,
                    86,
                    87,
                    88,
                    89,
                    90,
                    91,
                    92,
                    93,
                    94,
                    95,
                    96,
                    97,
                  ]),
                  'start': 612,
                  'starting_column': 1,
                }),
                'type': 'contract',
              }),
              'signature': 'bad6()',
            }),
          }),
          dict({
            'name': 'balance == 10000000000000000000',
            'source_mapping': dict({
              'ending_column': 32,
              'filename_absolute': '/GENERIC_PATH',
              'filename_relative': 'tests/detectors/incorrect-equality/0.4.25/incorrect_equality.sol',
              'filename_short': 'tests/detectors/incorrect-equality/0.4.25/incorrect_equality.sol',
              'is_dependency': False,
              'length': 19,
              'lines': list([
                68,
              ]),
              'start': 1635,
              'starting_column': 13,
            }),
            'type': 'node',
            'type_specific_fields': dict({
              'parent': dict({
                'name': 'bad6',
                'source_mapping': dict({
                  'ending_column': 6,
                  'filename_absolute': '/GENERIC_PATH',
                  'filename_relative': 'tests/detectors/incorrect-equality/0.4.25/incorrect_equality.sol',
                  'filename_short': 'tests/detectors/incorrect-equality/0.4.25/incorrect_equality.sol',
                  'is_dependency': False,
                  'length': 179,
                  'lines': list([
                    66,
                    67,
                    68,
                    69,
                    70,
                    71,
                  ]),
                  'start': 1538,
                  'starting_column': 5,
                }),
                'type': 'function',
                'type_specific_fields': dict({
                  'parent': dict({
                    'name': 'TestContractBalance',
                    'source_mapping': dict({
                      'ending_column': 2,
                      'filename_absolute': '/GENERIC_PATH',
                      'filename_relative': 'tests/detectors/incorrect-equality/0.4.25/incorrect_equality.sol',
                      'filename_short': 'tests/detectors/incorrect-equality/0.4.25/incorrect_equality.sol',
                      'is_dependency': False,
                      'length': 1754,
                      'lines': list([
                        30,
                        31,
                        32,
                        33,
                        34,
                        35,
                        36,
                        37,
                        38,
                        39,
                        40,
                        41,
                        42,
                        43,
                        44,
                        45,
                        46,
                        47,
                        48,
                        49,
                        50,
                        51,
                        52,
                        53,
                        54,
                        55,
                        56,
                        57,
                        58,
                        59,
                        60,
                        61,
                        62,
                        63,
                        64,
                        65,
                        66,
                        67,
                        68,
                        69,
                        70,
                        71,
                        72,
                        73,
                        74,
                        75,
                        76,
                        77,
                        78,
                        79,
                        80,
                        81,
                        82,
                        83,
                        84,
                        85,
                        86,
                        87,
                        88,
                        89,
                        90,
                        91,
                        92,
                        93,
                        94,
                        95,
                        96,
                        97,
                      ]),
                      'start': 612,
                      'starting_column': 1,
                    }),
                    'type': 'contract',
                  }),
                  'signature': 'bad6()',
                }),
              }),
            }),
          }),
        ]),
        'first_markdown_element': 'tests/detectors/incorrect-equality/0.4.25/incorrect_equality.sol#L66-L71',
        'id': '2cc246058513fdfe2178c6e9b552bcae42d3c29bc104c3b95734323aeda57396',
        'impact': 'Medium',
        'markdown': '''
          [TestContractBalance.bad6()](tests/detectors/incorrect-equality/0.4.25/incorrect_equality.sol#L66-L71) uses a dangerous strict equality:
          	- [balance == 10000000000000000000](tests/detectors/incorrect-equality/0.4.25/incorrect_equality.sol#L68)
  
        ''',
      }),
      dict({
        'check': 'incorrect-equality',
        'confidence': 'High',
        'description': '''
          TestContractBalance.bad5() (tests/detectors/incorrect-equality/0.4.25/incorrect_equality.sol#59-64) uses a dangerous strict equality:
          	- 10000000000000000000 == balance (tests/detectors/incorrect-equality/0.4.25/incorrect_equality.sol#61)
  
        ''',
        'elements': list([
          dict({
            'name': 'bad5',
            'source_mapping': dict({
              'ending_column': 6,
              'filename_absolute': '/GENERIC_PATH',
              'filename_relative': 'tests/detectors/incorrect-equality/0.4.25/incorrect_equality.sol',
              'filename_short': 'tests/detectors/incorrect-equality/0.4.25/incorrect_equality.sol',
              'is_dependency': False,
              'length': 170,
              'lines': list([
                59,
                60,
                61,
                62,
                63,
                64,
              ]),
              'start': 1362,
              'starting_column': 5,
            }),
            'type': 'function',
            'type_specific_fields': dict({
              'parent': dict({
                'name': 'TestContractBalance',
                'source_mapping': dict({
                  'ending_column': 2,
                  'filename_absolute': '/GENERIC_PATH',
                  'filename_relative': 'tests/detectors/incorrect-equality/0.4.25/incorrect_equality.sol',
                  'filename_short': 'tests/detectors/incorrect-equality/0.4.25/incorrect_equality.sol',
                  'is_dependency': False,
                  'length': 1754,
                  'lines': list([
                    30,
                    31,
                    32,
                    33,
                    34,
                    35,
                    36,
                    37,
                    38,
                    39,
                    40,
                    41,
                    42,
                    43,
                    44,
                    45,
                    46,
                    47,
                    48,
                    49,
                    50,
                    51,
                    52,
                    53,
                    54,
                    55,
                    56,
                    57,
                    58,
                    59,
                    60,
                    61,
                    62,
                    63,
                    64,
                    65,
                    66,
                    67,
                    68,
                    69,
                    70,
                    71,
                    72,
                    73,
                    74,
                    75,
                    76,
                    77,
                    78,
                    79,
                    80,
                    81,
                    82,
                    83,
                    84,
                    85,
                    86,
                    87,
                    88,
                    89,
                    90,
                    91,
                    92,
                    93,
                    94,
                    95,
                    96,
                    97,
                  ]),
                  'start': 612,
                  'starting_column': 1,
                }),
                'type': 'contract',
              }),
              'signature': 'bad5()',
            }),
          }),
          dict({
            'name': '10000000000000000000 == balance',
            'source_mapping': dict({
              'ending_column': 32,
              'filename_absolute': '/GENERIC_PATH',
              'filename_relative': 'tests/detectors/incorrect-equality/0.4.25/incorrect_equality.sol',
              'filename_short': 'tests/detectors/incorrect-equality/0.4.25/incorrect_equality.sol',
              'is_dependency': False,
              'length': 19,
              'lines': list([
                61,
              ]),
              'start': 1450,
              'starting_column': 13,
            }),
            'type': 'node',
            'type_specific_fields': dict({
              'parent': dict({
                'name': 'bad5',
                'source_mapping': dict({
                  'ending_column': 6,
                  'filename_absolute': '/GENERIC_PATH',
                  'filename_relative': 'tests/detectors/incorrect-equality/0.4.25/incorrect_equality.sol',
                  'filename_short': 'tests/detectors/incorrect-equality/0.4.25/incorrect_equality.sol',
                  'is_dependency': False,
                  'length': 170,
                  'lines': list([
                    59,
                    60,
                    61,
                    62,
                    63,
                    64,
                  ]),
                  'start': 1362,
                  'starting_column': 5,
                }),
                'type': 'function',
                'type_specific_fields': dict({
                  'parent': dict({
                    'name': 'TestContractBalance',
                    'source_mapping': dict({
                      'ending_column': 2,
                      'filename_absolute': '/GENERIC_PATH',
                      'filename_relative': 'tests/detectors/incorrect-equality/0.4.25/incorrect_equality.sol',
                      'filename_short': 'tests/detectors/incorrect-equality/0.4.25/incorrect_equality.sol',
                      'is_dependency': False,
                      'length': 1754,
                      'lines': list([
                        30,
                        31,
                        32,
                        33,
                        34,
                        35,
                        36,
                        37,
                        38,
                        39,
                        40,
                        41,
                        42,
                        43,
                        44,
                        45,
                        46,
                        47,
                        48,
                        49,
                        50,
                        51,
                        52,
                        53,
                        54,
                        55,
                        56,
                        57,
                        58,
                        59,
                        60,
                        61,
                        62,
                        63,
                        64,
                        65,
                        66,
                        67,
                        68,
                        69,
                        70,
                        71,
                        72,
                        73,
                        74,
                        75,
                        76,
                        77,
                        78,
                        79,
                        80,
                        81,
                        82,
                        83,
                        84,
                        85,
                        86,
                        87,
                        88,
                        89,
                        90,
                        91,
                        92,
                        93,
                        94,
                        95,
                        96,
                        97,
                      ]),
                      'start': 612,
                      'starting_column': 1,
                    }),
                    'type': 'contract',
                  }),
                  'signature': 'bad5()',
                }),
              }),
            }),
          }),
        ]),
        'first_markdown_element': 'tests/detectors/incorrect-equality/0.4.25/incorrect_equality.sol#L59-L64',
        'id': '781645f52e6eb4c7a0e38a58537907a6421ded2703ae8b18be68251a02901e7a',
        'impact': 'Medium',
        'markdown': '''
          [TestContractBalance.bad5()](tests/detectors/incorrect-equality/0.4.25/incorrect_equality.sol#L59-L64) uses a dangerous strict equality:
          	- [10000000000000000000 == balance](tests/detectors/incorrect-equality/0.4.25/incorrect_equality.sol#L61)
  
        ''',
      }),
      dict({
        'check': 'incorrect-equality',
        'confidence': 'High',
        'description': '''
          TestContractBalance.bad3() (tests/detectors/incorrect-equality/0.4.25/incorrect_equality.sol#47-50) uses a dangerous strict equality:
          	- require(bool)(10000000000000000000 == address(this).balance) (tests/detectors/incorrect-equality/0.4.25/incorrect_equality.sol#48)
  
        ''',
        'elements': list([
          dict({
            'name': 'bad3',
            'source_mapping': dict({
              'ending_column': 6,
              'filename_absolute': '/GENERIC_PATH',
              'filename_relative': 'tests/detectors/incorrect-equality/0.4.25/incorrect_equality.sol',
              'filename_short': 'tests/detectors/incorrect-equality/0.4.25/incorrect_equality.sol',
              'is_dependency': False,
              'length': 124,
              'lines': list([
                47,
                48,
                49,
                50,
              ]),
              'start': 1056,
              'starting_column': 5,
            }),
            'type': 'function',
            'type_specific_fields': dict({
              'parent': dict({
                'name': 'TestContractBalance',
                'source_mapping': dict({
                  'ending_column': 2,
                  'filename_absolute': '/GENERIC_PATH',
                  'filename_relative': 'tests/detectors/incorrect-equality/0.4.25/incorrect_equality.sol',
                  'filename_short': 'tests/detectors/incorrect-equality/0.4.25/incorrect_equality.sol',
                  'is_dependency': False,
                  'length': 1754,
                  'lines': list([
                    30,
                    31,
                    32,
                    33,
                    34,
                    35,
                    36,
                    37,
                    38,
                    39,
                    40,
                    41,
                    42,
                    43,
                    44,
                    45,
                    46,
                    47,
                    48,
                    49,
                    50,
                    51,
                    52,
                    53,
                    54,
                    55,
                    56,
                    57,
                    58,
                    59,
                    60,
                    61,
                    62,
                    63,
                    64,
                    65,
                    66,
                    67,
                    68,
                    69,
                    70,
                    71,
                    72,
                    73,
                    74,
                    75,
                    76,
                    77,
                    78,
                    79,
                    80,
                    81,
                    82,
                    83,
                    84,
                    85,
                    86,
                    87,
                    88,
                    89,
                    90,
                    91,
                    92,
                    93,
                    94,
                    95,
                    96,
                    97,
                  ]),
                  'start': 612,
                  'starting_column': 1,
                }),
                'type': 'contract',
              }),
              'signature': 'bad3()',
            }),
          }),
          dict({
            'name': 'require(bool)(10000000000000000000 == address(this).balance)',
            'source_mapping': dict({
              'ending_column': 51,
              'filename_absolute': '/GENERIC_PATH',
              'filename_relative': 'tests/detectors/incorrect-equality/0.4.25/incorrect_equality.sol',
              'filename_short': 'tests/detectors/incorrect-equality/0.4.25/incorrect_equality.sol',
              'is_dependency': False,
              'length': 42,
              'lines': list([
                48,
              ]),
              'start': 1091,
              'starting_column': 9,
            }),
            'type': 'node',
            'type_specific_fields': dict({
              'parent': dict({
                'name': 'bad3',
                'source_mapping': dict({
                  'ending_column': 6,
                  'filename_absolute': '/GENERIC_PATH',
                  'filename_relative': 'tests/detectors/incorrect-equality/0.4.25/incorrect_equality.sol',
                  'filename_short': 'tests/detectors/incorrect-equality/0.4.25/incorrect_equality.sol',
                  'is_dependency': False,
                  'length': 124,
                  'lines': list([
                    47,
                    48,
                    49,
                    50,
                  ]),
                  'start': 1056,
                  'starting_column': 5,
                }),
                'type': 'function',
                'type_specific_fields': dict({
                  'parent': dict({
                    'name': 'TestContractBalance',
                    'source_mapping': dict({
                      'ending_column': 2,
                      'filename_absolute': '/GENERIC_PATH',
                      'filename_relative': 'tests/detectors/incorrect-equality/0.4.25/incorrect_equality.sol',
                      'filename_short': 'tests/detectors/incorrect-equality/0.4.25/incorrect_equality.sol',
                      'is_dependency': False,
                      'length': 1754,
                      'lines': list([
                        30,
                        31,
                        32,
                        33,
                        34,
                        35,
                        36,
                        37,
                        38,
                        39,
                        40,
                        41,
                        42,
                        43,
                        44,
                        45,
                        46,
                        47,
                        48,
                        49,
                        50,
                        51,
                        52,
                        53,
                        54,
                        55,
                        56,
                        57,
                        58,
                        59,
                        60,
                        61,
                        62,
                        63,
                        64,
                        65,
                        66,
                        67,
                        68,
                        69,
                        70,
                        71,
                        72,
                        73,
                        74,
                        75,
                        76,
                        77,
                        78,
                        79,
                        80,
                        81,
                        82,
                        83,
                        84,
                        85,
                        86,
                        87,
                        88,
                        89,
                        90,
                        91,
                        92,
                        93,
                        94,
                        95,
                        96,
                        97,
                      ]),
                      'start': 612,
                      'starting_column': 1,
                    }),
                    'type': 'contract',
                  }),
                  'signature': 'bad3()',
                }),
              }),
            }),
          }),
        ]),
        'first_markdown_element': 'tests/detectors/incorrect-equality/0.4.25/incorrect_equality.sol#L47-L50',
        'id': '8f08cca8ee4d2d51c2bf5717f78aa1dd13c6499e430a43b89e5309f20920b11d',
        'impact': 'Medium',
        'markdown': '''
          [TestContractBalance.bad3()](tests/detectors/incorrect-equality/0.4.25/incorrect_equality.sol#L47-L50) uses a dangerous strict equality:
          	- [require(bool)(10000000000000000000 == address(this).balance)](tests/detectors/incorrect-equality/0.4.25/incorrect_equality.sol#L48)
  
        ''',
      }),
      dict({
        'check': 'incorrect-equality',
        'confidence': 'High',
        'description': '''
          TestSolidityKeyword.bad2() (tests/detectors/incorrect-equality/0.4.25/incorrect_equality.sol#131-133) uses a dangerous strict equality:
          	- require(bool)(block.number == 0) (tests/detectors/incorrect-equality/0.4.25/incorrect_equality.sol#132)
  
        ''',
        'elements': list([
          dict({
            'name': 'bad2',
            'source_mapping': dict({
              'ending_column': 6,
              'filename_absolute': '/GENERIC_PATH',
              'filename_relative': 'tests/detectors/incorrect-equality/0.4.25/incorrect_equality.sol',
              'filename_short': 'tests/detectors/incorrect-equality/0.4.25/incorrect_equality.sol',
              'is_dependency': False,
              'length': 67,
              'lines': list([
                131,
                132,
                133,
              ]),
              'start': 3072,
              'starting_column': 5,
            }),
            'type': 'function',
            'type_specific_fields': dict({
              'parent': dict({
                'name': 'TestSolidityKeyword',
                'source_mapping': dict({
                  'ending_column': 2,
                  'filename_absolute': '/GENERIC_PATH',
                  'filename_relative': 'tests/detectors/incorrect-equality/0.4.25/incorrect_equality.sol',
                  'filename_short': 'tests/detectors/incorrect-equality/0.4.25/incorrect_equality.sol',
                  'is_dependency': False,
                  'length': 774,
                  'lines': list([
                    99,
                    100,
                    101,
                    102,
                    103,
                    104,
                    105,
                    106,
                    107,
                    108,
                    109,
                    110,
                    111,
                    112,
                    113,
                    114,
                    115,
                    116,
                    117,
                    118,
                    119,
                    120,
                    121,
                    122,
                    123,
                    124,
                    125,
                    126,
                    127,
                    128,
                    129,
                    130,
                    131,
                    132,
                    133,
                    134,
                    135,
                  ]),
                  'start': 2368,
                  'starting_column': 1,
                }),
                'type': 'contract',
              }),
              'signature': 'bad2()',
            }),
          }),
          dict({
            'name': 'require(bool)(block.number == 0)',
            'source_mapping': dict({
              'ending_column': 35,
              'filename_absolute': '/GENERIC_PATH',
              'filename_relative': 'tests/detectors/incorrect-equality/0.4.25/incorrect_equality.sol',
              'filename_short': 'tests/detectors/incorrect-equality/0.4.25/incorrect_equality.sol',
              'is_dependency': False,
              'length': 26,
              'lines': list([
                132,
              ]),
              'start': 3106,
              'starting_column': 9,
            }),
            'type': 'node',
            'type_specific_fields': dict({
              'parent': dict({
                'name': 'bad2',
                'source_mapping': dict({
                  'ending_column': 6,
                  'filename_absolute': '/GENERIC_PATH',
                  'filename_relative': 'tests/detectors/incorrect-equality/0.4.25/incorrect_equality.sol',
                  'filename_short': 'tests/detectors/incorrect-equality/0.4.25/incorrect_equality.sol',
                  'is_dependency': False,
                  'length': 67,
                  'lines': list([
                    131,
                    132,
                    133,
                  ]),
                  'start': 3072,
                  'starting_column': 5,
                }),
                'type': 'function',
                'type_specific_fields': dict({
                  'parent': dict({
                    'name': 'TestSolidityKeyword',
                    'source_mapping': dict({
                      'ending_column': 2,
                      'filename_absolute': '/GENERIC_PATH',
                      'filename_relative': 'tests/detectors/incorrect-equality/0.4.25/incorrect_equality.sol',
                      'filename_short': 'tests/detectors/incorrect-equality/0.4.25/incorrect_equality.sol',
                      'is_dependency': False,
                      'length': 774,
                      'lines': list([
                        99,
                        100,
                        101,
                        102,
                        103,
                        104,
                        105,
                        106,
                        107,
                        108,
                        109,
                        110,
                        111,
                        112,
                        113,
                        114,
                        115,
                        116,
                        117,
                        118,
                        119,
                        120,
                        121,
                        122,
                        123,
                        124,
                        125,
                        126,
                        127,
                        128,
                        129,
                        130,
                        131,
                        132,
                        133,
                        134,
                        135,
                      ]),
                      'start': 2368,
                      'starting_column': 1,
                    }),
                    'type': 'contract',
                  }),
                  'signature': 'bad2()',
                }),
              }),
            }),
          }),
        ]),
        'first_markdown_element': 'tests/detectors/incorrect-equality/0.4.25/incorrect_equality.sol#L131-L133',
        'id': 'a65d9228ffbebf6de7f455df00a0de91ee0e23c7f13a306bdc90e16e69a043b3',
        'impact': 'Medium',
        'markdown': '''
          [TestSolidityKeyword.bad2()](tests/detectors/incorrect-equality/0.4.25/incorrect_equality.sol#L131-L133) uses a dangerous strict equality:
          	- [require(bool)(block.number == 0)](tests/detectors/incorrect-equality/0.4.25/incorrect_equality.sol#L132)
  
        ''',
      }),
      dict({
        'check': 'incorrect-equality',
        'confidence': 'High',
        'description': '''
          ERC20TestBalance.bad1(ERC20Variable) (tests/detectors/incorrect-equality/0.4.25/incorrect_equality.sol#25-27) uses a dangerous strict equality:
          	- require(bool)(erc.balanceOf(msg.sender) == 10) (tests/detectors/incorrect-equality/0.4.25/incorrect_equality.sol#26)
  
        ''',
        'elements': list([
          dict({
            'name': 'bad1',
            'source_mapping': dict({
              'ending_column': 6,
              'filename_absolute': '/GENERIC_PATH',
              'filename_relative': 'tests/detectors/incorrect-equality/0.4.25/incorrect_equality.sol',
              'filename_short': 'tests/detectors/incorrect-equality/0.4.25/incorrect_equality.sol',
              'is_dependency': False,
              'length': 97,
              'lines': list([
                25,
                26,
                27,
              ]),
              'start': 511,
              'starting_column': 5,
            }),
            'type': 'function',
            'type_specific_fields': dict({
              'parent': dict({
                'name': 'ERC20TestBalance',
                'source_mapping': dict({
                  'ending_column': 2,
                  'filename_absolute': '/GENERIC_PATH',
                  'filename_relative': 'tests/detectors/incorrect-equality/0.4.25/incorrect_equality.sol',
                  'filename_short': 'tests/detectors/incorrect-equality/0.4.25/incorrect_equality.sol',
                  'is_dependency': False,
                  'length': 445,
                  'lines': list([
                    10,
                    11,
                    12,
                    13,
                    14,
                    15,
                    16,
                    17,
                    18,
                    19,
                    20,
                    21,
                    22,
                    23,
                    24,
                    25,
                    26,
                    27,
                    28,
                  ]),
                  'start': 165,
                  'starting_column': 1,
                }),
                'type': 'contract',
              }),
              'signature': 'bad1(ERC20Variable)',
            }),
          }),
          dict({
            'name': 'require(bool)(erc.balanceOf(msg.sender) == 10)',
            'source_mapping': dict({
              'ending_column': 48,
              'filename_absolute': '/GENERIC_PATH',
              'filename_relative': 'tests/detectors/incorrect-equality/0.4.25/incorrect_equality.sol',
              'filename_short': 'tests/detectors/incorrect-equality/0.4.25/incorrect_equality.sol',
              'is_dependency': False,
              'length': 39,
              'lines': list([
                26,
              ]),
              'start': 562,
              'starting_column': 9,
            }),
            'type': 'node',
            'type_specific_fields': dict({
              'parent': dict({
                'name': 'bad1',
                'source_mapping': dict({
                  'ending_column': 6,
                  'filename_absolute': '/GENERIC_PATH',
                  'filename_relative': 'tests/detectors/incorrect-equality/0.4.25/incorrect_equality.sol',
                  'filename_short': 'tests/detectors/incorrect-equality/0.4.25/incorrect_equality.sol',
                  'is_dependency': False,
                  'length': 97,
                  'lines': list([
                    25,
                    26,
                    27,
                  ]),
                  'start': 511,
                  'starting_column': 5,
                }),
                'type': 'function',
                'type_specific_fields': dict({
                  'parent': dict({
                    'name': 'ERC20TestBalance',
                    'source_mapping': dict({
                      'ending_column': 2,
                      'filename_absolute': '/GENERIC_PATH',
                      'filename_relative': 'tests/detectors/incorrect-equality/0.4.25/incorrect_equality.sol',
                      'filename_short': 'tests/detectors/incorrect-equality/0.4.25/incorrect_equality.sol',
                      'is_dependency': False,
                      'length': 445,
                      'lines': list([
                        10,
                        11,
                        12,
                        13,
                        14,
                        15,
                        16,
                        17,
                        18,
                        19,
                        20,
                        21,
                        22,
                        23,
                        24,
                        25,
                        26,
                        27,
                        28,
                      ]),
                      'start': 165,
                      'starting_column': 1,
                    }),
                    'type': 'contract',
                  }),
                  'signature': 'bad1(ERC20Variable)',
                }),
              }),
            }),
          }),
        ]),
        'first_markdown_element': 'tests/detectors/incorrect-equality/0.4.25/incorrect_equality.sol#L25-L27',
        'id': 'a962a2c49344b2acce83236c339daa07cce98d240dd8869bb7d8c5e96d412ff0',
        'impact': 'Medium',
        'markdown': '''
          [ERC20TestBalance.bad1(ERC20Variable)](tests/detectors/incorrect-equality/0.4.25/incorrect_equality.sol#L25-L27) uses a dangerous strict equality:
          	- [require(bool)(erc.balanceOf(msg.sender) == 10)](tests/detectors/incorrect-equality/0.4.25/incorrect_equality.sol#L26)
  
        ''',
      }),
      dict({
        'check': 'incorrect-equality',
        'confidence': 'High',
        'description': '''
          TestSolidityKeyword.bad0() (tests/detectors/incorrect-equality/0.4.25/incorrect_equality.sol#123-125) uses a dangerous strict equality:
          	- require(bool)(now == 0) (tests/detectors/incorrect-equality/0.4.25/incorrect_equality.sol#124)
  
        ''',
        'elements': list([
          dict({
            'name': 'bad0',
            'source_mapping': dict({
              'ending_column': 6,
              'filename_absolute': '/GENERIC_PATH',
              'filename_relative': 'tests/detectors/incorrect-equality/0.4.25/incorrect_equality.sol',
              'filename_short': 'tests/detectors/incorrect-equality/0.4.25/incorrect_equality.sol',
              'is_dependency': False,
              'length': 59,
              'lines': list([
                123,
                124,
                125,
              ]),
              'start': 2935,
              'starting_column': 5,
            }),
            'type': 'function',
            'type_specific_fields': dict({
              'parent': dict({
                'name': 'TestSolidityKeyword',
                'source_mapping': dict({
                  'ending_column': 2,
                  'filename_absolute': '/GENERIC_PATH',
                  'filename_relative': 'tests/detectors/incorrect-equality/0.4.25/incorrect_equality.sol',
                  'filename_short': 'tests/detectors/incorrect-equality/0.4.25/incorrect_equality.sol',
                  'is_dependency': False,
                  'length': 774,
                  'lines': list([
                    99,
                    100,
                    101,
                    102,
                    103,
                    104,
                    105,
                    106,
                    107,
                    108,
                    109,
                    110,
                    111,
                    112,
                    113,
                    114,
                    115,
                    116,
                    117,
                    118,
                    119,
                    120,
                    121,
                    122,
                    123,
                    124,
                    125,
                    126,
                    127,
                    128,
                    129,
                    130,
                    131,
                    132,
                    133,
                    134,
                    135,
                  ]),
                  'start': 2368,
                  'starting_column': 1,
                }),
                'type': 'contract',
              }),
              'signature': 'bad0()',
            }),
          }),
          dict({
            'name': 'require(bool)(now == 0)',
            'source_mapping': dict({
              'ending_column': 27,
              'filename_absolute': '/GENERIC_PATH',
              'filename_relative': 'tests/detectors/incorrect-equality/0.4.25/incorrect_equality.sol',
              'filename_short': 'tests/detectors/incorrect-equality/0.4.25/incorrect_equality.sol',
              'is_dependency': False,
              'length': 18,
              'lines': list([
                124,
              ]),
              'start': 2969,
              'starting_column': 9,
            }),
            'type': 'node',
            'type_specific_fields': dict({
              'parent': dict({
                'name': 'bad0',
                'source_mapping': dict({
                  'ending_column': 6,
                  'filename_absolute': '/GENERIC_PATH',
                  'filename_relative': 'tests/detectors/incorrect-equality/0.4.25/incorrect_equality.sol',
                  'filename_short': 'tests/detectors/incorrect-equality/0.4.25/incorrect_equality.sol',
                  'is_dependency': False,
                  'length': 59,
                  'lines': list([
                    123,
                    124,
                    125,
                  ]),
                  'start': 2935,
                  'starting_column': 5,
                }),
                'type': 'function',
                'type_specific_fields': dict({
                  'parent': dict({
                    'name': 'TestSolidityKeyword',
                    'source_mapping': dict({
                      'ending_column': 2,
                      'filename_absolute': '/GENERIC_PATH',
                      'filename_relative': 'tests/detectors/incorrect-equality/0.4.25/incorrect_equality.sol',
                      'filename_short': 'tests/detectors/incorrect-equality/0.4.25/incorrect_equality.sol',
                      'is_dependency': False,
                      'length': 774,
                      'lines': list([
                        99,
                        100,
                        101,
                        102,
                        103,
                        104,
                        105,
                        106,
                        107,
                        108,
                        109,
                        110,
                        111,
                        112,
                        113,
                        114,
                        115,
                        116,
                        117,
                        118,
                        119,
                        120,
                        121,
                        122,
                        123,
                        124,
                        125,
                        126,
                        127,
                        128,
                        129,
                        130,
                        131,
                        132,
                        133,
                        134,
                        135,
                      ]),
                      'start': 2368,
                      'starting_column': 1,
                    }),
                    'type': 'contract',
                  }),
                  'signature': 'bad0()',
                }),
              }),
            }),
          }),
        ]),
        'first_markdown_element': 'tests/detectors/incorrect-equality/0.4.25/incorrect_equality.sol#L123-L125',
        'id': 'abcb113fde0b01cb4a653968a235bf5f3ee70a6f97ae3fa68c3a161c8ca5f6b8',
        'impact': 'Medium',
        'markdown': '''
          [TestSolidityKeyword.bad0()](tests/detectors/incorrect-equality/0.4.25/incorrect_equality.sol#L123-L125) uses a dangerous strict equality:
          	- [require(bool)(now == 0)](tests/detectors/incorrect-equality/0.4.25/incorrect_equality.sol#L124)
  
        ''',
      }),
      dict({
        'check': 'incorrect-equality',
        'confidence': 'High',
        'description': '''
          TestContractBalance.bad2() (tests/detectors/incorrect-equality/0.4.25/incorrect_equality.sol#42-45) uses a dangerous strict equality:
          	- require(bool)(address(this).balance == 10000000000000000000) (tests/detectors/incorrect-equality/0.4.25/incorrect_equality.sol#43)
  
        ''',
        'elements': list([
          dict({
            'name': 'bad2',
            'source_mapping': dict({
              'ending_column': 6,
              'filename_absolute': '/GENERIC_PATH',
              'filename_relative': 'tests/detectors/incorrect-equality/0.4.25/incorrect_equality.sol',
              'filename_short': 'tests/detectors/incorrect-equality/0.4.25/incorrect_equality.sol',
              'is_dependency': False,
              'length': 124,
              'lines': list([
                42,
                43,
                44,
                45,
              ]),
              'start': 926,
              'starting_column': 5,
            }),
            'type': 'function',
            'type_specific_fields': dict({
              'parent': dict({
                'name': 'TestContractBalance',
                'source_mapping': dict({
                  'ending_column': 2,
                  'filename_absolute': '/GENERIC_PATH',
                  'filename_relative': 'tests/detectors/incorrect-equality/0.4.25/incorrect_equality.sol',
                  'filename_short': 'tests/detectors/incorrect-equality/0.4.25/incorrect_equality.sol',
                  'is_dependency': False,
                  'length': 1754,
                  'lines': list([
                    30,
                    31,
                    32,
                    33,
                    34,
                    35,
                    36,
                    37,
                    38,
                    39,
                    40,
                    41,
                    42,
                    43,
                    44,
                    45,
                    46,
                    47,
                    48,
                    49,
                    50,
                    51,
                    52,
                    53,
                    54,
                    55,
                    56,
                    57,
                    58,
                    59,
                    60,
                    61,
                    62,
                    63,
                    64,
                    65,
                    66,
                    67,
                    68,
                    69,
                    70,
                    71,
                    72,
                    73,
                    74,
                    75,
                    76,
                    77,
                    78,
                    79,
                    80,
                    81,
                    82,
                    83,
                    84,
                    85,
                    86,
                    87,
                    88,
                    89,
                    90,
                    91,
                    92,
                    93,
                    94,
                    95,
                    96,
                    97,
                  ]),
                  'start': 612,
                  'starting_column': 1,
                }),
                'type': 'contract',
              }),
              'signature': 'bad2()',
            }),
          }),
          dict({
            'name': 'require(bool)(address(this).balance == 10000000000000000000)',
            'source_mapping': dict({
              'ending_column': 51,
              'filename_absolute': '/GENERIC_PATH',
              'filename_relative': 'tests/detectors/incorrect-equality/0.4.25/incorrect_equality.sol',
              'filename_short': 'tests/detectors/incorrect-equality/0.4.25/incorrect_equality.sol',
              'is_dependency': False,
              'length': 42,
              'lines': list([
                43,
              ]),
              'start': 961,
              'starting_column': 9,
            }),
            'type': 'node',
            'type_specific_fields': dict({
              'parent': dict({
                'name': 'bad2',
                'source_mapping': dict({
                  'ending_column': 6,
                  'filename_absolute': '/GENERIC_PATH',
                  'filename_relative': 'tests/detectors/incorrect-equality/0.4.25/incorrect_equality.sol',
                  'filename_short': 'tests/detectors/incorrect-equality/0.4.25/incorrect_equality.sol',
                  'is_dependency': False,
                  'length': 124,
                  'lines': list([
                    42,
                    43,
                    44,
                    45,
                  ]),
                  'start': 926,
                  'starting_column': 5,
                }),
                'type': 'function',
                'type_specific_fields': dict({
                  'parent': dict({
                    'name': 'TestContractBalance',
                    'source_mapping': dict({
                      'ending_column': 2,
                      'filename_absolute': '/GENERIC_PATH',
                      'filename_relative': 'tests/detectors/incorrect-equality/0.4.25/incorrect_equality.sol',
                      'filename_short': 'tests/detectors/incorrect-equality/0.4.25/incorrect_equality.sol',
                      'is_dependency': False,
                      'length': 1754,
                      'lines': list([
                        30,
                        31,
                        32,
                        33,
                        34,
                        35,
                        36,
                        37,
                        38,
                        39,
                        40,
                        41,
                        42,
                        43,
                        44,
                        45,
                        46,
                        47,
                        48,
                        49,
                        50,
                        51,
                        52,
                        53,
                        54,
                        55,
                        56,
                        57,
                        58,
                        59,
                        60,
                        61,
                        62,
                        63,
                        64,
                        65,
                        66,
                        67,
                        68,
                        69,
                        70,
                        71,
                        72,
                        73,
                        74,
                        75,
                        76,
                        77,
                        78,
                        79,
                        80,
                        81,
                        82,
                        83,
                        84,
                        85,
                        86,
                        87,
                        88,
                        89,
                        90,
                        91,
                        92,
                        93,
                        94,
                        95,
                        96,
                        97,
                      ]),
                      'start': 612,
                      'starting_column': 1,
                    }),
                    'type': 'contract',
                  }),
                  'signature': 'bad2()',
                }),
              }),
            }),
          }),
        ]),
        'first_markdown_element': 'tests/detectors/incorrect-equality/0.4.25/incorrect_equality.sol#L42-L45',
        'id': 'b6c0963403d985cfcd3eda6d43bc2716eaebcd0d936d9a57d35df4adfbb01e46',
        'impact': 'Medium',
        'markdown': '''
          [TestContractBalance.bad2()](tests/detectors/incorrect-equality/0.4.25/incorrect_equality.sol#L42-L45) uses a dangerous strict equality:
          	- [require(bool)(address(this).balance == 10000000000000000000)](tests/detectors/incorrect-equality/0.4.25/incorrect_equality.sol#L43)
  
        ''',
      }),
      dict({
        'check': 'incorrect-equality',
        'confidence': 'High',
        'description': '''
          TestContractBalance.bad4() (tests/detectors/incorrect-equality/0.4.25/incorrect_equality.sol#52-57) uses a dangerous strict equality:
          	- balance == 10000000000000000000 (tests/detectors/incorrect-equality/0.4.25/incorrect_equality.sol#54)
  
        ''',
        'elements': list([
          dict({
            'name': 'bad4',
            'source_mapping': dict({
              'ending_column': 6,
              'filename_absolute': '/GENERIC_PATH',
              'filename_relative': 'tests/detectors/incorrect-equality/0.4.25/incorrect_equality.sol',
              'filename_short': 'tests/detectors/incorrect-equality/0.4.25/incorrect_equality.sol',
              'is_dependency': False,
              'length': 170,
              'lines': list([
                52,
                53,
                54,
                55,
                56,
                57,
              ]),
              'start': 1186,
              'starting_column': 5,
            }),
            'type': 'function',
            'type_specific_fields': dict({
              'parent': dict({
                'name': 'TestContractBalance',
                'source_mapping': dict({
                  'ending_column': 2,
                  'filename_absolute': '/GENERIC_PATH',
                  'filename_relative': 'tests/detectors/incorrect-equality/0.4.25/incorrect_equality.sol',
                  'filename_short': 'tests/detectors/incorrect-equality/0.4.25/incorrect_equality.sol',
                  'is_dependency': False,
                  'length': 1754,
                  'lines': list([
                    30,
                    31,
                    32,
                    33,
                    34,
                    35,
                    36,
                    37,
                    38,
                    39,
                    40,
                    41,
                    42,
                    43,
                    44,
                    45,
                    46,
                    47,
                    48,
                    49,
                    50,
                    51,
                    52,
                    53,
                    54,
                    55,
                    56,
                    57,
                    58,
                    59,
                    60,
                    61,
                    62,
                    63,
                    64,
                    65,
                    66,
                    67,
                    68,
                    69,
                    70,
                    71,
                    72,
                    73,
                    74,
                    75,
                    76,
                    77,
                    78,
                    79,
                    80,
                    81,
                    82,
                    83,
                    84,
                    85,
                    86,
                    87,
                    88,
                    89,
                    90,
                    91,
                    92,
                    93,
                    94,
                    95,
                    96,
                    97,
                  ]),
                  'start': 612,
                  'starting_column': 1,
                }),
                'type': 'contract',
              }),
              'signature': 'bad4()',
            }),
          }),
          dict({
            'name': 'balance == 10000000000000000000',
            'source_mapping': dict({
              'ending_column': 32,
              'filename_absolute': '/GENERIC_PATH',
              'filename_relative': 'tests/detectors/incorrect-equality/0.4.25/incorrect_equality.sol',
              'filename_short': 'tests/detectors/incorrect-equality/0.4.25/incorrect_equality.sol',
              'is_dependency': False,
              'length': 19,
              'lines': list([
                54,
              ]),
              'start': 1274,
              'starting_column': 13,
            }),
            'type': 'node',
            'type_specific_fields': dict({
              'parent': dict({
                'name': 'bad4',
                'source_mapping': dict({
                  'ending_column': 6,
                  'filename_absolute': '/GENERIC_PATH',
                  'filename_relative': 'tests/detectors/incorrect-equality/0.4.25/incorrect_equality.sol',
                  'filename_short': 'tests/detectors/incorrect-equality/0.4.25/incorrect_equality.sol',
                  'is_dependency': False,
                  'length': 170,
                  'lines': list([
                    52,
                    53,
                    54,
                    55,
                    56,
                    57,
                  ]),
                  'start': 1186,
                  'starting_column': 5,
                }),
                'type': 'function',
                'type_specific_fields': dict({
                  'parent': dict({
                    'name': 'TestContractBalance',
                    'source_mapping': dict({
                      'ending_column': 2,
                      'filename_absolute': '/GENERIC_PATH',
                      'filename_relative': 'tests/detectors/incorrect-equality/0.4.25/incorrect_equality.sol',
                      'filename_short': 'tests/detectors/incorrect-equality/0.4.25/incorrect_equality.sol',
                      'is_dependency': False,
                      'length': 1754,
                      'lines': list([
                        30,
                        31,
                        32,
                        33,
                        34,
                        35,
                        36,
                        37,
                        38,
                        39,
                        40,
                        41,
                        42,
                        43,
                        44,
                        45,
                        46,
                        47,
                        48,
                        49,
                        50,
                        51,
                        52,
                        53,
                        54,
                        55,
                        56,
                        57,
                        58,
                        59,
                        60,
                        61,
                        62,
                        63,
                        64,
                        65,
                        66,
                        67,
                        68,
                        69,
                        70,
                        71,
                        72,
                        73,
                        74,
                        75,
                        76,
                        77,
                        78,
                        79,
                        80,
                        81,
                        82,
                        83,
                        84,
                        85,
                        86,
                        87,
                        88,
                        89,
                        90,
                        91,
                        92,
                        93,
                        94,
                        95,
                        96,
                        97,
                      ]),
                      'start': 612,
                      'starting_column': 1,
                    }),
                    'type': 'contract',
                  }),
                  'signature': 'bad4()',
                }),
              }),
            }),
          }),
        ]),
        'first_markdown_element': 'tests/detectors/incorrect-equality/0.4.25/incorrect_equality.sol#L52-L57',
        'id': 'b7b40be64de7150ba57e0f2b6379c672ee431675bbab8b607a82acdd29338d42',
        'impact': 'Medium',
        'markdown': '''
          [TestContractBalance.bad4()](tests/detectors/incorrect-equality/0.4.25/incorrect_equality.sol#L52-L57) uses a dangerous strict equality:
          	- [balance == 10000000000000000000](tests/detectors/incorrect-equality/0.4.25/incorrect_equality.sol#L54)
  
        ''',
      }),
      dict({
        'check': 'incorrect-equality',
        'confidence': 'High',
        'description': '''
          TestSolidityKeyword.bad1() (tests/detectors/incorrect-equality/0.4.25/incorrect_equality.sol#127-129) uses a dangerous strict equality:
          	- require(bool)(block.number == 0) (tests/detectors/incorrect-equality/0.4.25/incorrect_equality.sol#128)
  
        ''',
        'elements': list([
          dict({
            'name': 'bad1',
            'source_mapping': dict({
              'ending_column': 6,
              'filename_absolute': '/GENERIC_PATH',
              'filename_relative': 'tests/detectors/incorrect-equality/0.4.25/incorrect_equality.sol',
              'filename_short': 'tests/detectors/incorrect-equality/0.4.25/incorrect_equality.sol',
              'is_dependency': False,
              'length': 66,
              'lines': list([
                127,
                128,
                129,
              ]),
              'start': 3000,
              'starting_column': 5,
            }),
            'type': 'function',
            'type_specific_fields': dict({
              'parent': dict({
                'name': 'TestSolidityKeyword',
                'source_mapping': dict({
                  'ending_column': 2,
                  'filename_absolute': '/GENERIC_PATH',
                  'filename_relative': 'tests/detectors/incorrect-equality/0.4.25/incorrect_equality.sol',
                  'filename_short': 'tests/detectors/incorrect-equality/0.4.25/incorrect_equality.sol',
                  'is_dependency': False,
                  'length': 774,
                  'lines': list([
                    99,
                    100,
                    101,
                    102,
                    103,
                    104,
                    105,
                    106,
                    107,
                    108,
                    109,
                    110,
                    111,
                    112,
                    113,
                    114,
                    115,
                    116,
                    117,
                    118,
                    119,
                    120,
                    121,
                    122,
                    123,
                    124,
                    125,
                    126,
                    127,
                    128,
                    129,
                    130,
                    131,
                    132,
                    133,
                    134,
                    135,
                  ]),
                  'start': 2368,
                  'starting_column': 1,
                }),
                'type': 'contract',
              }),
              'signature': 'bad1()',
            }),
          }),
          dict({
            'name': 'require(bool)(block.number == 0)',
            'source_mapping': dict({
              'ending_column': 34,
              'filename_absolute': '/GENERIC_PATH',
              'filename_relative': 'tests/detectors/incorrect-equality/0.4.25/incorrect_equality.sol',
              'filename_short': 'tests/detectors/incorrect-equality/0.4.25/incorrect_equality.sol',
              'is_dependency': False,
              'length': 25,
              'lines': list([
                128,
              ]),
              'start': 3034,
              'starting_column': 9,
            }),
            'type': 'node',
            'type_specific_fields': dict({
              'parent': dict({
                'name': 'bad1',
                'source_mapping': dict({
                  'ending_column': 6,
                  'filename_absolute': '/GENERIC_PATH',
                  'filename_relative': 'tests/detectors/incorrect-equality/0.4.25/incorrect_equality.sol',
                  'filename_short': 'tests/detectors/incorrect-equality/0.4.25/incorrect_equality.sol',
                  'is_dependency': False,
                  'length': 66,
                  'lines': list([
                    127,
                    128,
                    129,
                  ]),
                  'start': 3000,
                  'starting_column': 5,
                }),
                'type': 'function',
                'type_specific_fields': dict({
                  'parent': dict({
                    'name': 'TestSolidityKeyword',
                    'source_mapping': dict({
                      'ending_column': 2,
                      'filename_absolute': '/GENERIC_PATH',
                      'filename_relative': 'tests/detectors/incorrect-equality/0.4.25/incorrect_equality.sol',
                      'filename_short': 'tests/detectors/incorrect-equality/0.4.25/incorrect_equality.sol',
                      'is_dependency': False,
                      'length': 774,
                      'lines': list([
                        99,
                        100,
                        101,
                        102,
                        103,
                        104,
                        105,
                        106,
                        107,
                        108,
                        109,
                        110,
                        111,
                        112,
                        113,
                        114,
                        115,
                        116,
                        117,
                        118,
                        119,
                        120,
                        121,
                        122,
                        123,
                        124,
                        125,
                        126,
                        127,
                        128,
                        129,
                        130,
                        131,
                        132,
                        133,
                        134,
                        135,
                      ]),
                      'start': 2368,
                      'starting_column': 1,
                    }),
                    'type': 'contract',
                  }),
                  'signature': 'bad1()',
                }),
              }),
            }),
          }),
        ]),
        'first_markdown_element': 'tests/detectors/incorrect-equality/0.4.25/incorrect_equality.sol#L127-L129',
        'id': 'd17755463242fbfeef570c2504ff13729a74d8633ade693da26127635b145892',
        'impact': 'Medium',
        'markdown': '''
          [TestSolidityKeyword.bad1()](tests/detectors/incorrect-equality/0.4.25/incorrect_equality.sol#L127-L129) uses a dangerous strict equality:
          	- [require(bool)(block.number == 0)](tests/detectors/incorrect-equality/0.4.25/incorrect_equality.sol#L128)
  
        ''',
      }),
      dict({
        'check': 'incorrect-equality',
        'confidence': 'High',
        'description': '''
          ERC20TestBalance.bad0(ERC20Function) (tests/detectors/incorrect-equality/0.4.25/incorrect_equality.sol#21-23) uses a dangerous strict equality:
          	- require(bool)(erc.balanceOf(address(this)) == 10) (tests/detectors/incorrect-equality/0.4.25/incorrect_equality.sol#22)
  
        ''',
        'elements': list([
          dict({
            'name': 'bad0',
            'source_mapping': dict({
              'ending_column': 6,
              'filename_absolute': '/GENERIC_PATH',
              'filename_relative': 'tests/detectors/incorrect-equality/0.4.25/incorrect_equality.sol',
              'filename_short': 'tests/detectors/incorrect-equality/0.4.25/incorrect_equality.sol',
              'is_dependency': False,
              'length': 101,
              'lines': list([
                21,
                22,
                23,
              ]),
              'start': 404,
              'starting_column': 5,
            }),
            'type': 'function',
            'type_specific_fields': dict({
              'parent': dict({
                'name': 'ERC20TestBalance',
                'source_mapping': dict({
                  'ending_column': 2,
                  'filename_absolute': '/GENERIC_PATH',
                  'filename_relative': 'tests/detectors/incorrect-equality/0.4.25/incorrect_equality.sol',
                  'filename_short': 'tests/detectors/incorrect-equality/0.4.25/incorrect_equality.sol',
                  'is_dependency': False,
                  'length': 445,
                  'lines': list([
                    10,
                    11,
                    12,
                    13,
                    14,
                    15,
                    16,
                    17,
                    18,
                    19,
                    20,
                    21,
                    22,
                    23,
                    24,
                    25,
                    26,
                    27,
                    28,
                  ]),
                  'start': 165,
                  'starting_column': 1,
                }),
                'type': 'contract',
              }),
              'signature': 'bad0(ERC20Function)',
            }),
          }),
          dict({
            'name': 'require(bool)(erc.balanceOf(address(this)) == 10)',
            'source_mapping': dict({
              'ending_column': 52,
              'filename_absolute': '/GENERIC_PATH',
              'filename_relative': 'tests/detectors/incorrect-equality/0.4.25/incorrect_equality.sol',
              'filename_short': 'tests/detectors/incorrect-equality/0.4.25/incorrect_equality.sol',
              'is_dependency': False,
              'length': 43,
              'lines': list([
                22,
              ]),
              'start': 455,
              'starting_column': 9,
            }),
            'type': 'node',
            'type_specific_fields': dict({
              'parent': dict({
                'name': 'bad0',
                'source_mapping': dict({
                  'ending_column': 6,
                  'filename_absolute': '/GENERIC_PATH',
                  'filename_relative': 'tests/detectors/incorrect-equality/0.4.25/incorrect_equality.sol',
                  'filename_short': 'tests/detectors/incorrect-equality/0.4.25/incorrect_equality.sol',
                  'is_dependency': False,
                  'length': 101,
                  'lines': list([
                    21,
                    22,
                    23,
                  ]),
                  'start': 404,
                  'starting_column': 5,
                }),
                'type': 'function',
                'type_specific_fields': dict({
                  'parent': dict({
                    'name': 'ERC20TestBalance',
                    'source_mapping': dict({
                      'ending_column': 2,
                      'filename_absolute': '/GENERIC_PATH',
                      'filename_relative': 'tests/detectors/incorrect-equality/0.4.25/incorrect_equality.sol',
                      'filename_short': 'tests/detectors/incorrect-equality/0.4.25/incorrect_equality.sol',
                      'is_dependency': False,
                      'length': 445,
                      'lines': list([
                        10,
                        11,
                        12,
                        13,
                        14,
                        15,
                        16,
                        17,
                        18,
                        19,
                        20,
                        21,
                        22,
                        23,
                        24,
                        25,
                        26,
                        27,
                        28,
                      ]),
                      'start': 165,
                      'starting_column': 1,
                    }),
                    'type': 'contract',
                  }),
                  'signature': 'bad0(ERC20Function)',
                }),
              }),
            }),
          }),
        ]),
        'first_markdown_element': 'tests/detectors/incorrect-equality/0.4.25/incorrect_equality.sol#L21-L23',
        'id': 'd887566c310fa756ee60c8a838f09bf3165adda30dff76b4d8f7bd85f6561610',
        'impact': 'Medium',
        'markdown': '''
          [ERC20TestBalance.bad0(ERC20Function)](tests/detectors/incorrect-equality/0.4.25/incorrect_equality.sol#L21-L23) uses a dangerous strict equality:
          	- [require(bool)(erc.balanceOf(address(this)) == 10)](tests/detectors/incorrect-equality/0.4.25/incorrect_equality.sol#L22)
  
        ''',
      }),
      dict({
        'check': 'incorrect-equality',
        'confidence': 'High',
        'description': '''
          TestContractBalance.bad1() (tests/detectors/incorrect-equality/0.4.25/incorrect_equality.sol#37-40) uses a dangerous strict equality:
          	- require(bool)(10000000000000000000 == address(address(this)).balance) (tests/detectors/incorrect-equality/0.4.25/incorrect_equality.sol#38)
  
        ''',
        'elements': list([
          dict({
            'name': 'bad1',
            'source_mapping': dict({
              'ending_column': 6,
              'filename_absolute': '/GENERIC_PATH',
              'filename_relative': 'tests/detectors/incorrect-equality/0.4.25/incorrect_equality.sol',
              'filename_short': 'tests/detectors/incorrect-equality/0.4.25/incorrect_equality.sol',
              'is_dependency': False,
              'length': 133,
              'lines': list([
                37,
                38,
                39,
                40,
              ]),
              'start': 787,
              'starting_column': 5,
            }),
            'type': 'function',
            'type_specific_fields': dict({
              'parent': dict({
                'name': 'TestContractBalance',
                'source_mapping': dict({
                  'ending_column': 2,
                  'filename_absolute': '/GENERIC_PATH',
                  'filename_relative': 'tests/detectors/incorrect-equality/0.4.25/incorrect_equality.sol',
                  'filename_short': 'tests/detectors/incorrect-equality/0.4.25/incorrect_equality.sol',
                  'is_dependency': False,
                  'length': 1754,
                  'lines': list([
                    30,
                    31,
                    32,
                    33,
                    34,
                    35,
                    36,
                    37,
                    38,
                    39,
                    40,
                    41,
                    42,
                    43,
                    44,
                    45,
                    46,
                    47,
                    48,
                    49,
                    50,
                    51,
                    52,
                    53,
                    54,
                    55,
                    56,
                    57,
                    58,
                    59,
                    60,
                    61,
                    62,
                    63,
                    64,
                    65,
                    66,
                    67,
                    68,
                    69,
                    70,
                    71,
                    72,
                    73,
                    74,
                    75,
                    76,
                    77,
                    78,
                    79,
                    80,
                    81,
                    82,
                    83,
                    84,
                    85,
                    86,
                    87,
                    88,
                    89,
                    90,
                    91,
                    92,
                    93,
                    94,
                    95,
                    96,
                    97,
                  ]),
                  'start': 612,
                  'starting_column': 1,
                }),
                'type': 'contract',
              }),
              'signature': 'bad1()',
            }),
          }),
          dict({
            'name': 'require(bool)(10000000000000000000 == address(address(this)).balance)',
            'source_mapping': dict({
              'ending_column': 60,
              'filename_absolute': '/GENERIC_PATH',
              'filename_relative': 'tests/detectors/incorrect-equality/0.4.25/incorrect_equality.sol',
              'filename_short': 'tests/detectors/incorrect-equality/0.4.25/incorrect_equality.sol',
              'is_dependency': False,
              'length': 51,
              'lines': list([
                38,
              ]),
              'start': 822,
              'starting_column': 9,
            }),
            'type': 'node',
            'type_specific_fields': dict({
              'parent': dict({
                'name': 'bad1',
                'source_mapping': dict({
                  'ending_column': 6,
                  'filename_absolute': '/GENERIC_PATH',
                  'filename_relative': 'tests/detectors/incorrect-equality/0.4.25/incorrect_equality.sol',
                  'filename_short': 'tests/detectors/incorrect-equality/0.4.25/incorrect_equality.sol',
                  'is_dependency': False,
                  'length': 133,
                  'lines': list([
                    37,
                    38,
                    39,
                    40,
                  ]),
                  'start': 787,
                  'starting_column': 5,
                }),
                'type': 'function',
                'type_specific_fields': dict({
                  'parent': dict({
                    'name': 'TestContractBalance',
                    'source_mapping': dict({
                      'ending_column': 2,
                      'filename_absolute': '/GENERIC_PATH',
                      'filename_relative': 'tests/detectors/incorrect-equality/0.4.25/incorrect_equality.sol',
                      'filename_short': 'tests/detectors/incorrect-equality/0.4.25/incorrect_equality.sol',
                      'is_dependency': False,
                      'length': 1754,
                      'lines': list([
                        30,
                        31,
                        32,
                        33,
                        34,
                        35,
                        36,
                        37,
                        38,
                        39,
                        40,
                        41,
                        42,
                        43,
                        44,
                        45,
                        46,
                        47,
                        48,
                        49,
                        50,
                        51,
                        52,
                        53,
                        54,
                        55,
                        56,
                        57,
                        58,
                        59,
                        60,
                        61,
                        62,
                        63,
                        64,
                        65,
                        66,
                        67,
                        68,
                        69,
                        70,
                        71,
                        72,
                        73,
                        74,
                        75,
                        76,
                        77,
                        78,
                        79,
                        80,
                        81,
                        82,
                        83,
                        84,
                        85,
                        86,
                        87,
                        88,
                        89,
                        90,
                        91,
                        92,
                        93,
                        94,
                        95,
                        96,
                        97,
                      ]),
                      'start': 612,
                      'starting_column': 1,
                    }),
                    'type': 'contract',
                  }),
                  'signature': 'bad1()',
                }),
              }),
            }),
          }),
        ]),
        'first_markdown_element': 'tests/detectors/incorrect-equality/0.4.25/incorrect_equality.sol#L37-L40',
        'id': 'de67d7a1010855e47722500e73f1156c1c2c222414e661624300ea395102af1a',
        'impact': 'Medium',
        'markdown': '''
          [TestContractBalance.bad1()](tests/detectors/incorrect-equality/0.4.25/incorrect_equality.sol#L37-L40) uses a dangerous strict equality:
          	- [require(bool)(10000000000000000000 == address(address(this)).balance)](tests/detectors/incorrect-equality/0.4.25/incorrect_equality.sol#L38)
  
        ''',
      }),
    ]),
  ])
# ---
