# serializer version: 1
# name: test_detector[ArbitrarySendErc20NoPermit-0.5.16-arbitrary_send_erc20.sol]
  list([
    list([
      dict({
        'check': 'arbitrary-send-erc20',
        'confidence': 'High',
        'description': '''
          C.bad4(address,address,uint256) (tests/detectors/arbitrary-send-erc20/0.5.16/arbitrary_send_erc20.sol#65-67) uses arbitrary from in transferFrom: SafeERC20.safeTransferFrom(erc20,from,to,amount) (tests/detectors/arbitrary-send-erc20/0.5.16/arbitrary_send_erc20.sol#66)
  
        ''',
        'elements': list([
          dict({
            'name': 'bad4',
            'source_mapping': dict({
              'ending_column': 6,
              'filename_absolute': '/GENERIC_PATH',
              'filename_relative': 'tests/detectors/arbitrary-send-erc20/0.5.16/arbitrary_send_erc20.sol',
              'filename_short': 'tests/detectors/arbitrary-send-erc20/0.5.16/arbitrary_send_erc20.sol',
              'is_dependency': False,
              'length': 133,
              'lines': list([
                65,
                66,
                67,
              ]),
              'start': 1702,
              'starting_column': 5,
            }),
            'type': 'function',
            'type_specific_fields': dict({
              'parent': dict({
                'name': 'C',
                'source_mapping': dict({
                  'ending_column': 2,
                  'filename_absolute': '/GENERIC_PATH',
                  'filename_relative': 'tests/detectors/arbitrary-send-erc20/0.5.16/arbitrary_send_erc20.sol',
                  'filename_short': 'tests/detectors/arbitrary-send-erc20/0.5.16/arbitrary_send_erc20.sol',
                  'is_dependency': False,
                  'length': 1717,
                  'lines': list([
                    17,
                    18,
                    19,
                    20,
                    21,
                    22,
                    23,
                    24,
                    25,
                    26,
                    27,
                    28,
                    29,
                    30,
                    31,
                    32,
                    33,
                    34,
                    35,
                    36,
                    37,
                    38,
                    39,
                    40,
                    41,
                    42,
                    43,
                    44,
                    45,
                    46,
                    47,
                    48,
                    49,
                    50,
                    51,
                    52,
                    53,
                    54,
                    55,
                    56,
                    57,
                    58,
                    59,
                    60,
                    61,
                    62,
                    63,
                    64,
                    65,
                    66,
                    67,
                    68,
                    69,
                    70,
                    71,
                    72,
                    73,
                    74,
                    75,
                    76,
                    77,
                  ]),
                  'start': 394,
                  'starting_column': 1,
                }),
                'type': 'contract',
              }),
              'signature': 'bad4(address,address,uint256)',
            }),
          }),
          dict({
            'name': 'SafeERC20.safeTransferFrom(erc20,from,to,amount)',
            'source_mapping': dict({
              'ending_column': 60,
              'filename_absolute': '/GENERIC_PATH',
              'filename_relative': 'tests/detectors/arbitrary-send-erc20/0.5.16/arbitrary_send_erc20.sol',
              'filename_short': 'tests/detectors/arbitrary-send-erc20/0.5.16/arbitrary_send_erc20.sol',
              'is_dependency': False,
              'length': 51,
              'lines': list([
                66,
              ]),
              'start': 1777,
              'starting_column': 9,
            }),
            'type': 'node',
            'type_specific_fields': dict({
              'parent': dict({
                'name': 'bad4',
                'source_mapping': dict({
                  'ending_column': 6,
                  'filename_absolute': '/GENERIC_PATH',
                  'filename_relative': 'tests/detectors/arbitrary-send-erc20/0.5.16/arbitrary_send_erc20.sol',
                  'filename_short': 'tests/detectors/arbitrary-send-erc20/0.5.16/arbitrary_send_erc20.sol',
                  'is_dependency': False,
                  'length': 133,
                  'lines': list([
                    65,
                    66,
                    67,
                  ]),
                  'start': 1702,
                  'starting_column': 5,
                }),
                'type': 'function',
                'type_specific_fields': dict({
                  'parent': dict({
                    'name': 'C',
                    'source_mapping': dict({
                      'ending_column': 2,
                      'filename_absolute': '/GENERIC_PATH',
                      'filename_relative': 'tests/detectors/arbitrary-send-erc20/0.5.16/arbitrary_send_erc20.sol',
                      'filename_short': 'tests/detectors/arbitrary-send-erc20/0.5.16/arbitrary_send_erc20.sol',
                      'is_dependency': False,
                      'length': 1717,
                      'lines': list([
                        17,
                        18,
                        19,
                        20,
                        21,
                        22,
                        23,
                        24,
                        25,
                        26,
                        27,
                        28,
                        29,
                        30,
                        31,
                        32,
                        33,
                        34,
                        35,
                        36,
                        37,
                        38,
                        39,
                        40,
                        41,
                        42,
                        43,
                        44,
                        45,
                        46,
                        47,
                        48,
                        49,
                        50,
                        51,
                        52,
                        53,
                        54,
                        55,
                        56,
                        57,
                        58,
                        59,
                        60,
                        61,
                        62,
                        63,
                        64,
                        65,
                        66,
                        67,
                        68,
                        69,
                        70,
                        71,
                        72,
                        73,
                        74,
                        75,
                        76,
                        77,
                      ]),
                      'start': 394,
                      'starting_column': 1,
                    }),
                    'type': 'contract',
                  }),
                  'signature': 'bad4(address,address,uint256)',
                }),
              }),
            }),
          }),
        ]),
        'first_markdown_element': 'tests/detectors/arbitrary-send-erc20/0.5.16/arbitrary_send_erc20.sol#L65-L67',
        'id': '15a810d738734100851211c7e6bff65724d553eb693869575ec3d9c9bf47081c',
        'impact': 'High',
        'markdown': '''
          [C.bad4(address,address,uint256)](tests/detectors/arbitrary-send-erc20/0.5.16/arbitrary_send_erc20.sol#L65-L67) uses arbitrary from in transferFrom: [SafeERC20.safeTransferFrom(erc20,from,to,amount)](tests/detectors/arbitrary-send-erc20/0.5.16/arbitrary_send_erc20.sol#L66)
  
        ''',
      }),
      dict({
        'check': 'arbitrary-send-erc20',
        'confidence': 'High',
        'description': '''
          C.bad1(address,uint256) (tests/detectors/arbitrary-send-erc20/0.5.16/arbitrary_send_erc20.sol#35-37) uses arbitrary from in transferFrom: erc20.transferFrom(notsend,to,am) (tests/detectors/arbitrary-send-erc20/0.5.16/arbitrary_send_erc20.sol#36)
  
        ''',
        'elements': list([
          dict({
            'name': 'bad1',
            'source_mapping': dict({
              'ending_column': 6,
              'filename_absolute': '/GENERIC_PATH',
              'filename_relative': 'tests/detectors/arbitrary-send-erc20/0.5.16/arbitrary_send_erc20.sol',
              'filename_short': 'tests/detectors/arbitrary-send-erc20/0.5.16/arbitrary_send_erc20.sol',
              'is_dependency': False,
              'length': 97,
              'lines': list([
                35,
                36,
                37,
              ]),
              'start': 780,
              'starting_column': 5,
            }),
            'type': 'function',
            'type_specific_fields': dict({
              'parent': dict({
                'name': 'C',
                'source_mapping': dict({
                  'ending_column': 2,
                  'filename_absolute': '/GENERIC_PATH',
                  'filename_relative': 'tests/detectors/arbitrary-send-erc20/0.5.16/arbitrary_send_erc20.sol',
                  'filename_short': 'tests/detectors/arbitrary-send-erc20/0.5.16/arbitrary_send_erc20.sol',
                  'is_dependency': False,
                  'length': 1717,
                  'lines': list([
                    17,
                    18,
                    19,
                    20,
                    21,
                    22,
                    23,
                    24,
                    25,
                    26,
                    27,
                    28,
                    29,
                    30,
                    31,
                    32,
                    33,
                    34,
                    35,
                    36,
                    37,
                    38,
                    39,
                    40,
                    41,
                    42,
                    43,
                    44,
                    45,
                    46,
                    47,
                    48,
                    49,
                    50,
                    51,
                    52,
                    53,
                    54,
                    55,
                    56,
                    57,
                    58,
                    59,
                    60,
                    61,
                    62,
                    63,
                    64,
                    65,
                    66,
                    67,
                    68,
                    69,
                    70,
                    71,
                    72,
                    73,
                    74,
                    75,
                    76,
                    77,
                  ]),
                  'start': 394,
                  'starting_column': 1,
                }),
                'type': 'contract',
              }),
              'signature': 'bad1(address,uint256)',
            }),
          }),
          dict({
            'name': 'erc20.transferFrom(notsend,to,am)',
            'source_mapping': dict({
              'ending_column': 44,
              'filename_absolute': '/GENERIC_PATH',
              'filename_relative': 'tests/detectors/arbitrary-send-erc20/0.5.16/arbitrary_send_erc20.sol',
              'filename_short': 'tests/detectors/arbitrary-send-erc20/0.5.16/arbitrary_send_erc20.sol',
              'is_dependency': False,
              'length': 35,
              'lines': list([
                36,
              ]),
              'start': 835,
              'starting_column': 9,
            }),
            'type': 'node',
            'type_specific_fields': dict({
              'parent': dict({
                'name': 'bad1',
                'source_mapping': dict({
                  'ending_column': 6,
                  'filename_absolute': '/GENERIC_PATH',
                  'filename_relative': 'tests/detectors/arbitrary-send-erc20/0.5.16/arbitrary_send_erc20.sol',
                  'filename_short': 'tests/detectors/arbitrary-send-erc20/0.5.16/arbitrary_send_erc20.sol',
                  'is_dependency': False,
                  'length': 97,
                  'lines': list([
                    35,
                    36,
                    37,
                  ]),
                  'start': 780,
                  'starting_column': 5,
                }),
                'type': 'function',
                'type_specific_fields': dict({
                  'parent': dict({
                    'name': 'C',
                    'source_mapping': dict({
                      'ending_column': 2,
                      'filename_absolute': '/GENERIC_PATH',
                      'filename_relative': 'tests/detectors/arbitrary-send-erc20/0.5.16/arbitrary_send_erc20.sol',
                      'filename_short': 'tests/detectors/arbitrary-send-erc20/0.5.16/arbitrary_send_erc20.sol',
                      'is_dependency': False,
                      'length': 1717,
                      'lines': list([
                        17,
                        18,
                        19,
                        20,
                        21,
                        22,
                        23,
                        24,
                        25,
                        26,
                        27,
                        28,
                        29,
                        30,
                        31,
                        32,
                        33,
                        34,
                        35,
                        36,
                        37,
                        38,
                        39,
                        40,
                        41,
                        42,
                        43,
                        44,
                        45,
                        46,
                        47,
                        48,
                        49,
                        50,
                        51,
                        52,
                        53,
                        54,
                        55,
                        56,
                        57,
                        58,
                        59,
                        60,
                        61,
                        62,
                        63,
                        64,
                        65,
                        66,
                        67,
                        68,
                        69,
                        70,
                        71,
                        72,
                        73,
                        74,
                        75,
                        76,
                        77,
                      ]),
                      'start': 394,
                      'starting_column': 1,
                    }),
                    'type': 'contract',
                  }),
                  'signature': 'bad1(address,uint256)',
                }),
              }),
            }),
          }),
        ]),
        'first_markdown_element': 'tests/detectors/arbitrary-send-erc20/0.5.16/arbitrary_send_erc20.sol#L35-L37',
        'id': '6ca6aea5c4506ac7fa421c049e0bd41faa74317e303b94721bc64c2fc6e8f128',
        'impact': 'High',
        'markdown': '''
          [C.bad1(address,uint256)](tests/detectors/arbitrary-send-erc20/0.5.16/arbitrary_send_erc20.sol#L35-L37) uses arbitrary from in transferFrom: [erc20.transferFrom(notsend,to,am)](tests/detectors/arbitrary-send-erc20/0.5.16/arbitrary_send_erc20.sol#L36)
  
        ''',
      }),
      dict({
        'check': 'arbitrary-send-erc20',
        'confidence': 'High',
        'description': '''
          C.bad3(address,address,uint256) (tests/detectors/arbitrary-send-erc20/0.5.16/arbitrary_send_erc20.sol#57-59) uses arbitrary from in transferFrom: erc20.safeTransferFrom(from,to,amount) (tests/detectors/arbitrary-send-erc20/0.5.16/arbitrary_send_erc20.sol#58)
  
        ''',
        'elements': list([
          dict({
            'name': 'bad3',
            'source_mapping': dict({
              'ending_column': 6,
              'filename_absolute': '/GENERIC_PATH',
              'filename_relative': 'tests/detectors/arbitrary-send-erc20/0.5.16/arbitrary_send_erc20.sol',
              'filename_short': 'tests/detectors/arbitrary-send-erc20/0.5.16/arbitrary_send_erc20.sol',
              'is_dependency': False,
              'length': 122,
              'lines': list([
                57,
                58,
                59,
              ]),
              'start': 1434,
              'starting_column': 5,
            }),
            'type': 'function',
            'type_specific_fields': dict({
              'parent': dict({
                'name': 'C',
                'source_mapping': dict({
                  'ending_column': 2,
                  'filename_absolute': '/GENERIC_PATH',
                  'filename_relative': 'tests/detectors/arbitrary-send-erc20/0.5.16/arbitrary_send_erc20.sol',
                  'filename_short': 'tests/detectors/arbitrary-send-erc20/0.5.16/arbitrary_send_erc20.sol',
                  'is_dependency': False,
                  'length': 1717,
                  'lines': list([
                    17,
                    18,
                    19,
                    20,
                    21,
                    22,
                    23,
                    24,
                    25,
                    26,
                    27,
                    28,
                    29,
                    30,
                    31,
                    32,
                    33,
                    34,
                    35,
                    36,
                    37,
                    38,
                    39,
                    40,
                    41,
                    42,
                    43,
                    44,
                    45,
                    46,
                    47,
                    48,
                    49,
                    50,
                    51,
                    52,
                    53,
                    54,
                    55,
                    56,
                    57,
                    58,
                    59,
                    60,
                    61,
                    62,
                    63,
                    64,
                    65,
                    66,
                    67,
                    68,
                    69,
                    70,
                    71,
                    72,
                    73,
                    74,
                    75,
                    76,
                    77,
                  ]),
                  'start': 394,
                  'starting_column': 1,
                }),
                'type': 'contract',
              }),
              'signature': 'bad3(address,address,uint256)',
            }),
          }),
          dict({
            'name': 'erc20.safeTransferFrom(from,to,amount)',
            'source_mapping': dict({
              'ending_column': 49,
              'filename_absolute': '/GENERIC_PATH',
              'filename_relative': 'tests/detectors/arbitrary-send-erc20/0.5.16/arbitrary_send_erc20.sol',
              'filename_short': 'tests/detectors/arbitrary-send-erc20/0.5.16/arbitrary_send_erc20.sol',
              'is_dependency': False,
              'length': 40,
              'lines': list([
                58,
              ]),
              'start': 1509,
              'starting_column': 9,
            }),
            'type': 'node',
            'type_specific_fields': dict({
              'parent': dict({
                'name': 'bad3',
                'source_mapping': dict({
                  'ending_column': 6,
                  'filename_absolute': '/GENERIC_PATH',
                  'filename_relative': 'tests/detectors/arbitrary-send-erc20/0.5.16/arbitrary_send_erc20.sol',
                  'filename_short': 'tests/detectors/arbitrary-send-erc20/0.5.16/arbitrary_send_erc20.sol',
                  'is_dependency': False,
                  'length': 122,
                  'lines': list([
                    57,
                    58,
                    59,
                  ]),
                  'start': 1434,
                  'starting_column': 5,
                }),
                'type': 'function',
                'type_specific_fields': dict({
                  'parent': dict({
                    'name': 'C',
                    'source_mapping': dict({
                      'ending_column': 2,
                      'filename_absolute': '/GENERIC_PATH',
                      'filename_relative': 'tests/detectors/arbitrary-send-erc20/0.5.16/arbitrary_send_erc20.sol',
                      'filename_short': 'tests/detectors/arbitrary-send-erc20/0.5.16/arbitrary_send_erc20.sol',
                      'is_dependency': False,
                      'length': 1717,
                      'lines': list([
                        17,
                        18,
                        19,
                        20,
                        21,
                        22,
                        23,
                        24,
                        25,
                        26,
                        27,
                        28,
                        29,
                        30,
                        31,
                        32,
                        33,
                        34,
                        35,
                        36,
                        37,
                        38,
                        39,
                        40,
                        41,
                        42,
                        43,
                        44,
                        45,
                        46,
                        47,
                        48,
                        49,
                        50,
                        51,
                        52,
                        53,
                        54,
                        55,
                        56,
                        57,
                        58,
                        59,
                        60,
                        61,
                        62,
                        63,
                        64,
                        65,
                        66,
                        67,
                        68,
                        69,
                        70,
                        71,
                        72,
                        73,
                        74,
                        75,
                        76,
                        77,
                      ]),
                      'start': 394,
                      'starting_column': 1,
                    }),
                    'type': 'contract',
                  }),
                  'signature': 'bad3(address,address,uint256)',
                }),
              }),
            }),
          }),
        ]),
        'first_markdown_element': 'tests/detectors/arbitrary-send-erc20/0.5.16/arbitrary_send_erc20.sol#L57-L59',
        'id': '773c84f15f90123743b54aca858695d11603109f4da52c487ee4ae161f09411b',
        'impact': 'High',
        'markdown': '''
          [C.bad3(address,address,uint256)](tests/detectors/arbitrary-send-erc20/0.5.16/arbitrary_send_erc20.sol#L57-L59) uses arbitrary from in transferFrom: [erc20.safeTransferFrom(from,to,amount)](tests/detectors/arbitrary-send-erc20/0.5.16/arbitrary_send_erc20.sol#L58)
  
        ''',
      }),
    ]),
  ])
# ---
