# serializer version: 1
# name: test_detector[FunctionInitializedState-0.7.6-function_init_state_variables.sol]
  list([
    list([
      dict({
        'check': 'function-init-state',
        'confidence': 'High',
        'description': '''
          StateVarInitFromFunction.v (tests/detectors/function-init-state/0.7.6/function_init_state_variables.sol#5) is set pre-construction with a non-constant function or state variable:
          	- set()
  
        ''',
        'elements': list([
          dict({
            'name': 'v',
            'source_mapping': dict({
              'ending_column': 26,
              'filename_absolute': '/GENERIC_PATH',
              'filename_relative': 'tests/detectors/function-init-state/0.7.6/function_init_state_variables.sol',
              'filename_short': 'tests/detectors/function-init-state/0.7.6/function_init_state_variables.sol',
              'is_dependency': False,
              'length': 21,
              'lines': list([
                5,
              ]),
              'start': 157,
              'starting_column': 5,
            }),
            'type': 'variable',
            'type_specific_fields': dict({
              'parent': dict({
                'name': 'StateVarInitFromFunction',
                'source_mapping': dict({
                  'ending_column': 0,
                  'filename_absolute': '/GENERIC_PATH',
                  'filename_relative': 'tests/detectors/function-init-state/0.7.6/function_init_state_variables.sol',
                  'filename_short': 'tests/detectors/function-init-state/0.7.6/function_init_state_variables.sol',
                  'is_dependency': False,
                  'length': 1567,
                  'lines': list([
                    3,
                    4,
                    5,
                    6,
                    7,
                    8,
                    9,
                    10,
                    11,
                    12,
                    13,
                    14,
                    15,
                    16,
                    17,
                    18,
                    19,
                    20,
                    21,
                    22,
                    23,
                    24,
                    25,
                    26,
                    27,
                    28,
                    29,
                    30,
                    31,
                    32,
                    33,
                    34,
                    35,
                    36,
                    37,
                    38,
                    39,
                    40,
                    41,
                    42,
                    43,
                    44,
                    45,
                    46,
                    47,
                  ]),
                  'start': 116,
                  'starting_column': 1,
                }),
                'type': 'contract',
              }),
            }),
          }),
        ]),
        'first_markdown_element': 'tests/detectors/function-init-state/0.7.6/function_init_state_variables.sol#L5',
        'id': '4b87ea4c0a3b72be79ffde12c56c9dc7440445b79ff4b228e0937b3a05540e4b',
        'impact': 'Informational',
        'markdown': '''
          [StateVarInitFromFunction.v](tests/detectors/function-init-state/0.7.6/function_init_state_variables.sol#L5) is set pre-construction with a non-constant function or state variable:
          	- set()
  
        ''',
      }),
      dict({
        'check': 'function-init-state',
        'confidence': 'High',
        'description': '''
          StateVarInitFromFunction.z4 (tests/detectors/function-init-state/0.7.6/function_init_state_variables.sol#17) is set pre-construction with a non-constant function or state variable:
          	- z3 + 5
  
        ''',
        'elements': list([
          dict({
            'name': 'z4',
            'source_mapping': dict({
              'ending_column': 28,
              'filename_absolute': '/GENERIC_PATH',
              'filename_relative': 'tests/detectors/function-init-state/0.7.6/function_init_state_variables.sol',
              'filename_short': 'tests/detectors/function-init-state/0.7.6/function_init_state_variables.sol',
              'is_dependency': False,
              'length': 23,
              'lines': list([
                17,
              ]),
              'start': 842,
              'starting_column': 5,
            }),
            'type': 'variable',
            'type_specific_fields': dict({
              'parent': dict({
                'name': 'StateVarInitFromFunction',
                'source_mapping': dict({
                  'ending_column': 0,
                  'filename_absolute': '/GENERIC_PATH',
                  'filename_relative': 'tests/detectors/function-init-state/0.7.6/function_init_state_variables.sol',
                  'filename_short': 'tests/detectors/function-init-state/0.7.6/function_init_state_variables.sol',
                  'is_dependency': False,
                  'length': 1567,
                  'lines': list([
                    3,
                    4,
                    5,
                    6,
                    7,
                    8,
                    9,
                    10,
                    11,
                    12,
                    13,
                    14,
                    15,
                    16,
                    17,
                    18,
                    19,
                    20,
                    21,
                    22,
                    23,
                    24,
                    25,
                    26,
                    27,
                    28,
                    29,
                    30,
                    31,
                    32,
                    33,
                    34,
                    35,
                    36,
                    37,
                    38,
                    39,
                    40,
                    41,
                    42,
                    43,
                    44,
                    45,
                    46,
                    47,
                  ]),
                  'start': 116,
                  'starting_column': 1,
                }),
                'type': 'contract',
              }),
            }),
          }),
        ]),
        'first_markdown_element': 'tests/detectors/function-init-state/0.7.6/function_init_state_variables.sol#L17',
        'id': '8b7eb9ab16397c2f23479d2c3043a675ab5e2b1da07e2697631812d6d7b68525',
        'impact': 'Informational',
        'markdown': '''
          [StateVarInitFromFunction.z4](tests/detectors/function-init-state/0.7.6/function_init_state_variables.sol#L17) is set pre-construction with a non-constant function or state variable:
          	- z3 + 5
  
        ''',
      }),
      dict({
        'check': 'function-init-state',
        'confidence': 'High',
        'description': '''
          StateVarInitFromFunction.x (tests/detectors/function-init-state/0.7.6/function_init_state_variables.sol#7) is set pre-construction with a non-constant function or state variable:
          	- set()
  
        ''',
        'elements': list([
          dict({
            'name': 'x',
            'source_mapping': dict({
              'ending_column': 26,
              'filename_absolute': '/GENERIC_PATH',
              'filename_relative': 'tests/detectors/function-init-state/0.7.6/function_init_state_variables.sol',
              'filename_short': 'tests/detectors/function-init-state/0.7.6/function_init_state_variables.sol',
              'is_dependency': False,
              'length': 21,
              'lines': list([
                7,
              ]),
              'start': 268,
              'starting_column': 5,
            }),
            'type': 'variable',
            'type_specific_fields': dict({
              'parent': dict({
                'name': 'StateVarInitFromFunction',
                'source_mapping': dict({
                  'ending_column': 0,
                  'filename_absolute': '/GENERIC_PATH',
                  'filename_relative': 'tests/detectors/function-init-state/0.7.6/function_init_state_variables.sol',
                  'filename_short': 'tests/detectors/function-init-state/0.7.6/function_init_state_variables.sol',
                  'is_dependency': False,
                  'length': 1567,
                  'lines': list([
                    3,
                    4,
                    5,
                    6,
                    7,
                    8,
                    9,
                    10,
                    11,
                    12,
                    13,
                    14,
                    15,
                    16,
                    17,
                    18,
                    19,
                    20,
                    21,
                    22,
                    23,
                    24,
                    25,
                    26,
                    27,
                    28,
                    29,
                    30,
                    31,
                    32,
                    33,
                    34,
                    35,
                    36,
                    37,
                    38,
                    39,
                    40,
                    41,
                    42,
                    43,
                    44,
                    45,
                    46,
                    47,
                  ]),
                  'start': 116,
                  'starting_column': 1,
                }),
                'type': 'contract',
              }),
            }),
          }),
        ]),
        'first_markdown_element': 'tests/detectors/function-init-state/0.7.6/function_init_state_variables.sol#L7',
        'id': 'adfa394934c8669a556cfa10c364fe526dd1e295a63959e1e88fe84a919ef354',
        'impact': 'Informational',
        'markdown': '''
          [StateVarInitFromFunction.x](tests/detectors/function-init-state/0.7.6/function_init_state_variables.sol#L7) is set pre-construction with a non-constant function or state variable:
          	- set()
  
        ''',
      }),
      dict({
        'check': 'function-init-state',
        'confidence': 'High',
        'description': '''
          StateVarInitFromFunction.y1 (tests/detectors/function-init-state/0.7.6/function_init_state_variables.sol#9) is set pre-construction with a non-constant function or state variable:
          	- 5 + get()
  
        ''',
        'elements': list([
          dict({
            'name': 'y1',
            'source_mapping': dict({
              'ending_column': 31,
              'filename_absolute': '/GENERIC_PATH',
              'filename_relative': 'tests/detectors/function-init-state/0.7.6/function_init_state_variables.sol',
              'filename_short': 'tests/detectors/function-init-state/0.7.6/function_init_state_variables.sol',
              'is_dependency': False,
              'length': 26,
              'lines': list([
                9,
              ]),
              'start': 357,
              'starting_column': 5,
            }),
            'type': 'variable',
            'type_specific_fields': dict({
              'parent': dict({
                'name': 'StateVarInitFromFunction',
                'source_mapping': dict({
                  'ending_column': 0,
                  'filename_absolute': '/GENERIC_PATH',
                  'filename_relative': 'tests/detectors/function-init-state/0.7.6/function_init_state_variables.sol',
                  'filename_short': 'tests/detectors/function-init-state/0.7.6/function_init_state_variables.sol',
                  'is_dependency': False,
                  'length': 1567,
                  'lines': list([
                    3,
                    4,
                    5,
                    6,
                    7,
                    8,
                    9,
                    10,
                    11,
                    12,
                    13,
                    14,
                    15,
                    16,
                    17,
                    18,
                    19,
                    20,
                    21,
                    22,
                    23,
                    24,
                    25,
                    26,
                    27,
                    28,
                    29,
                    30,
                    31,
                    32,
                    33,
                    34,
                    35,
                    36,
                    37,
                    38,
                    39,
                    40,
                    41,
                    42,
                    43,
                    44,
                    45,
                    46,
                    47,
                  ]),
                  'start': 116,
                  'starting_column': 1,
                }),
                'type': 'contract',
              }),
            }),
          }),
        ]),
        'first_markdown_element': 'tests/detectors/function-init-state/0.7.6/function_init_state_variables.sol#L9',
        'id': 'b26f83c06e9aca87637dea02a0f4080fd4226c1ed90c6c2c63da85cb142d67ab',
        'impact': 'Informational',
        'markdown': '''
          [StateVarInitFromFunction.y1](tests/detectors/function-init-state/0.7.6/function_init_state_variables.sol#L9) is set pre-construction with a non-constant function or state variable:
          	- 5 + get()
  
        ''',
      }),
      dict({
        'check': 'function-init-state',
        'confidence': 'High',
        'description': '''
          StateVarInitFromFunction.y2 (tests/detectors/function-init-state/0.7.6/function_init_state_variables.sol#10) is set pre-construction with a non-constant function or state variable:
          	- (10 + (5 + get()))
  
        ''',
        'elements': list([
          dict({
            'name': 'y2',
            'source_mapping': dict({
              'ending_column': 40,
              'filename_absolute': '/GENERIC_PATH',
              'filename_relative': 'tests/detectors/function-init-state/0.7.6/function_init_state_variables.sol',
              'filename_short': 'tests/detectors/function-init-state/0.7.6/function_init_state_variables.sol',
              'is_dependency': False,
              'length': 35,
              'lines': list([
                10,
              ]),
              'start': 453,
              'starting_column': 5,
            }),
            'type': 'variable',
            'type_specific_fields': dict({
              'parent': dict({
                'name': 'StateVarInitFromFunction',
                'source_mapping': dict({
                  'ending_column': 0,
                  'filename_absolute': '/GENERIC_PATH',
                  'filename_relative': 'tests/detectors/function-init-state/0.7.6/function_init_state_variables.sol',
                  'filename_short': 'tests/detectors/function-init-state/0.7.6/function_init_state_variables.sol',
                  'is_dependency': False,
                  'length': 1567,
                  'lines': list([
                    3,
                    4,
                    5,
                    6,
                    7,
                    8,
                    9,
                    10,
                    11,
                    12,
                    13,
                    14,
                    15,
                    16,
                    17,
                    18,
                    19,
                    20,
                    21,
                    22,
                    23,
                    24,
                    25,
                    26,
                    27,
                    28,
                    29,
                    30,
                    31,
                    32,
                    33,
                    34,
                    35,
                    36,
                    37,
                    38,
                    39,
                    40,
                    41,
                    42,
                    43,
                    44,
                    45,
                    46,
                    47,
                  ]),
                  'start': 116,
                  'starting_column': 1,
                }),
                'type': 'contract',
              }),
            }),
          }),
        ]),
        'first_markdown_element': 'tests/detectors/function-init-state/0.7.6/function_init_state_variables.sol#L10',
        'id': 'b6e231b9b735794e00b73dddb86b2ba8f7a738d916c99f302fb32b1095c67472',
        'impact': 'Informational',
        'markdown': '''
          [StateVarInitFromFunction.y2](tests/detectors/function-init-state/0.7.6/function_init_state_variables.sol#L10) is set pre-construction with a non-constant function or state variable:
          	- (10 + (5 + get()))
  
        ''',
      }),
    ]),
  ])
# ---
