# serializer version: 1
# name: test_detector[PredeclarationUsageLocal-0.4.25-predeclaration_usage_local.sol]
  list([
    list([
      dict({
        'check': 'variable-scope',
        'confidence': 'High',
        'description': '''
          Variable 'C.f(uint256).i (tests/detectors/variable-scope/0.4.25/predeclaration_usage_local.sol#8)' in C.f(uint256) (tests/detectors/variable-scope/0.4.25/predeclaration_usage_local.sol#2-17) potentially used before declaration: i -- (tests/detectors/variable-scope/0.4.25/predeclaration_usage_local.sol#14)
  
        ''',
        'elements': list([
          dict({
            'name': 'i',
            'source_mapping': dict({
              'ending_column': 29,
              'filename_absolute': '/GENERIC_PATH',
              'filename_relative': 'tests/detectors/variable-scope/0.4.25/predeclaration_usage_local.sol',
              'filename_short': 'tests/detectors/variable-scope/0.4.25/predeclaration_usage_local.sol',
              'is_dependency': False,
              'length': 11,
              'lines': list([
                8,
              ]),
              'start': 199,
              'starting_column': 18,
            }),
            'type': 'variable',
            'type_specific_fields': dict({
              'parent': dict({
                'name': 'f',
                'source_mapping': dict({
                  'ending_column': 6,
                  'filename_absolute': '/GENERIC_PATH',
                  'filename_relative': 'tests/detectors/variable-scope/0.4.25/predeclaration_usage_local.sol',
                  'filename_short': 'tests/detectors/variable-scope/0.4.25/predeclaration_usage_local.sol',
                  'is_dependency': False,
                  'length': 442,
                  'lines': list([
                    2,
                    3,
                    4,
                    5,
                    6,
                    7,
                    8,
                    9,
                    10,
                    11,
                    12,
                    13,
                    14,
                    15,
                    16,
                    17,
                  ]),
                  'start': 17,
                  'starting_column': 5,
                }),
                'type': 'function',
                'type_specific_fields': dict({
                  'parent': dict({
                    'name': 'C',
                    'source_mapping': dict({
                      'ending_column': 0,
                      'filename_absolute': '/GENERIC_PATH',
                      'filename_relative': 'tests/detectors/variable-scope/0.4.25/predeclaration_usage_local.sol',
                      'filename_short': 'tests/detectors/variable-scope/0.4.25/predeclaration_usage_local.sol',
                      'is_dependency': False,
                      'length': 461,
                      'lines': list([
                        1,
                        2,
                        3,
                        4,
                        5,
                        6,
                        7,
                        8,
                        9,
                        10,
                        11,
                        12,
                        13,
                        14,
                        15,
                        16,
                        17,
                        18,
                        19,
                      ]),
                      'start': 0,
                      'starting_column': 1,
                    }),
                    'type': 'contract',
                  }),
                  'signature': 'f(uint256)',
                }),
              }),
            }),
          }),
          dict({
            'name': 'f',
            'source_mapping': dict({
              'ending_column': 6,
              'filename_absolute': '/GENERIC_PATH',
              'filename_relative': 'tests/detectors/variable-scope/0.4.25/predeclaration_usage_local.sol',
              'filename_short': 'tests/detectors/variable-scope/0.4.25/predeclaration_usage_local.sol',
              'is_dependency': False,
              'length': 442,
              'lines': list([
                2,
                3,
                4,
                5,
                6,
                7,
                8,
                9,
                10,
                11,
                12,
                13,
                14,
                15,
                16,
                17,
              ]),
              'start': 17,
              'starting_column': 5,
            }),
            'type': 'function',
            'type_specific_fields': dict({
              'parent': dict({
                'name': 'C',
                'source_mapping': dict({
                  'ending_column': 0,
                  'filename_absolute': '/GENERIC_PATH',
                  'filename_relative': 'tests/detectors/variable-scope/0.4.25/predeclaration_usage_local.sol',
                  'filename_short': 'tests/detectors/variable-scope/0.4.25/predeclaration_usage_local.sol',
                  'is_dependency': False,
                  'length': 461,
                  'lines': list([
                    1,
                    2,
                    3,
                    4,
                    5,
                    6,
                    7,
                    8,
                    9,
                    10,
                    11,
                    12,
                    13,
                    14,
                    15,
                    16,
                    17,
                    18,
                    19,
                  ]),
                  'start': 0,
                  'starting_column': 1,
                }),
                'type': 'contract',
              }),
              'signature': 'f(uint256)',
            }),
          }),
          dict({
            'name': 'i --',
            'source_mapping': dict({
              'ending_column': 32,
              'filename_absolute': '/GENERIC_PATH',
              'filename_relative': 'tests/detectors/variable-scope/0.4.25/predeclaration_usage_local.sol',
              'filename_short': 'tests/detectors/variable-scope/0.4.25/predeclaration_usage_local.sol',
              'is_dependency': False,
              'length': 3,
              'lines': list([
                14,
              ]),
              'start': 417,
              'starting_column': 29,
            }),
            'type': 'node',
            'type_specific_fields': dict({
              'parent': dict({
                'name': 'f',
                'source_mapping': dict({
                  'ending_column': 6,
                  'filename_absolute': '/GENERIC_PATH',
                  'filename_relative': 'tests/detectors/variable-scope/0.4.25/predeclaration_usage_local.sol',
                  'filename_short': 'tests/detectors/variable-scope/0.4.25/predeclaration_usage_local.sol',
                  'is_dependency': False,
                  'length': 442,
                  'lines': list([
                    2,
                    3,
                    4,
                    5,
                    6,
                    7,
                    8,
                    9,
                    10,
                    11,
                    12,
                    13,
                    14,
                    15,
                    16,
                    17,
                  ]),
                  'start': 17,
                  'starting_column': 5,
                }),
                'type': 'function',
                'type_specific_fields': dict({
                  'parent': dict({
                    'name': 'C',
                    'source_mapping': dict({
                      'ending_column': 0,
                      'filename_absolute': '/GENERIC_PATH',
                      'filename_relative': 'tests/detectors/variable-scope/0.4.25/predeclaration_usage_local.sol',
                      'filename_short': 'tests/detectors/variable-scope/0.4.25/predeclaration_usage_local.sol',
                      'is_dependency': False,
                      'length': 461,
                      'lines': list([
                        1,
                        2,
                        3,
                        4,
                        5,
                        6,
                        7,
                        8,
                        9,
                        10,
                        11,
                        12,
                        13,
                        14,
                        15,
                        16,
                        17,
                        18,
                        19,
                      ]),
                      'start': 0,
                      'starting_column': 1,
                    }),
                    'type': 'contract',
                  }),
                  'signature': 'f(uint256)',
                }),
              }),
            }),
          }),
        ]),
        'first_markdown_element': 'tests/detectors/variable-scope/0.4.25/predeclaration_usage_local.sol#L8',
        'id': '24ed055a29ee9bac066b9a99a36d40f7bd77314605d8f1a6440a5576a38b24fb',
        'impact': 'Low',
        'markdown': '''
          Variable '[C.f(uint256).i](tests/detectors/variable-scope/0.4.25/predeclaration_usage_local.sol#L8)' in [C.f(uint256)](tests/detectors/variable-scope/0.4.25/predeclaration_usage_local.sol#L2-L17) potentially used before declaration: [i --](tests/detectors/variable-scope/0.4.25/predeclaration_usage_local.sol#L14)
  
        ''',
      }),
      dict({
        'check': 'variable-scope',
        'confidence': 'High',
        'description': '''
          Variable 'C.f(uint256).i (tests/detectors/variable-scope/0.4.25/predeclaration_usage_local.sol#8)' in C.f(uint256) (tests/detectors/variable-scope/0.4.25/predeclaration_usage_local.sol#2-17) potentially used before declaration: i = 10 (tests/detectors/variable-scope/0.4.25/predeclaration_usage_local.sol#14)
  
        ''',
        'elements': list([
          dict({
            'name': 'i',
            'source_mapping': dict({
              'ending_column': 29,
              'filename_absolute': '/GENERIC_PATH',
              'filename_relative': 'tests/detectors/variable-scope/0.4.25/predeclaration_usage_local.sol',
              'filename_short': 'tests/detectors/variable-scope/0.4.25/predeclaration_usage_local.sol',
              'is_dependency': False,
              'length': 11,
              'lines': list([
                8,
              ]),
              'start': 199,
              'starting_column': 18,
            }),
            'type': 'variable',
            'type_specific_fields': dict({
              'parent': dict({
                'name': 'f',
                'source_mapping': dict({
                  'ending_column': 6,
                  'filename_absolute': '/GENERIC_PATH',
                  'filename_relative': 'tests/detectors/variable-scope/0.4.25/predeclaration_usage_local.sol',
                  'filename_short': 'tests/detectors/variable-scope/0.4.25/predeclaration_usage_local.sol',
                  'is_dependency': False,
                  'length': 442,
                  'lines': list([
                    2,
                    3,
                    4,
                    5,
                    6,
                    7,
                    8,
                    9,
                    10,
                    11,
                    12,
                    13,
                    14,
                    15,
                    16,
                    17,
                  ]),
                  'start': 17,
                  'starting_column': 5,
                }),
                'type': 'function',
                'type_specific_fields': dict({
                  'parent': dict({
                    'name': 'C',
                    'source_mapping': dict({
                      'ending_column': 0,
                      'filename_absolute': '/GENERIC_PATH',
                      'filename_relative': 'tests/detectors/variable-scope/0.4.25/predeclaration_usage_local.sol',
                      'filename_short': 'tests/detectors/variable-scope/0.4.25/predeclaration_usage_local.sol',
                      'is_dependency': False,
                      'length': 461,
                      'lines': list([
                        1,
                        2,
                        3,
                        4,
                        5,
                        6,
                        7,
                        8,
                        9,
                        10,
                        11,
                        12,
                        13,
                        14,
                        15,
                        16,
                        17,
                        18,
                        19,
                      ]),
                      'start': 0,
                      'starting_column': 1,
                    }),
                    'type': 'contract',
                  }),
                  'signature': 'f(uint256)',
                }),
              }),
            }),
          }),
          dict({
            'name': 'f',
            'source_mapping': dict({
              'ending_column': 6,
              'filename_absolute': '/GENERIC_PATH',
              'filename_relative': 'tests/detectors/variable-scope/0.4.25/predeclaration_usage_local.sol',
              'filename_short': 'tests/detectors/variable-scope/0.4.25/predeclaration_usage_local.sol',
              'is_dependency': False,
              'length': 442,
              'lines': list([
                2,
                3,
                4,
                5,
                6,
                7,
                8,
                9,
                10,
                11,
                12,
                13,
                14,
                15,
                16,
                17,
              ]),
              'start': 17,
              'starting_column': 5,
            }),
            'type': 'function',
            'type_specific_fields': dict({
              'parent': dict({
                'name': 'C',
                'source_mapping': dict({
                  'ending_column': 0,
                  'filename_absolute': '/GENERIC_PATH',
                  'filename_relative': 'tests/detectors/variable-scope/0.4.25/predeclaration_usage_local.sol',
                  'filename_short': 'tests/detectors/variable-scope/0.4.25/predeclaration_usage_local.sol',
                  'is_dependency': False,
                  'length': 461,
                  'lines': list([
                    1,
                    2,
                    3,
                    4,
                    5,
                    6,
                    7,
                    8,
                    9,
                    10,
                    11,
                    12,
                    13,
                    14,
                    15,
                    16,
                    17,
                    18,
                    19,
                  ]),
                  'start': 0,
                  'starting_column': 1,
                }),
                'type': 'contract',
              }),
              'signature': 'f(uint256)',
            }),
          }),
          dict({
            'name': 'i = 10',
            'source_mapping': dict({
              'ending_column': 20,
              'filename_absolute': '/GENERIC_PATH',
              'filename_relative': 'tests/detectors/variable-scope/0.4.25/predeclaration_usage_local.sol',
              'filename_short': 'tests/detectors/variable-scope/0.4.25/predeclaration_usage_local.sol',
              'is_dependency': False,
              'length': 6,
              'lines': list([
                14,
              ]),
              'start': 402,
              'starting_column': 14,
            }),
            'type': 'node',
            'type_specific_fields': dict({
              'parent': dict({
                'name': 'f',
                'source_mapping': dict({
                  'ending_column': 6,
                  'filename_absolute': '/GENERIC_PATH',
                  'filename_relative': 'tests/detectors/variable-scope/0.4.25/predeclaration_usage_local.sol',
                  'filename_short': 'tests/detectors/variable-scope/0.4.25/predeclaration_usage_local.sol',
                  'is_dependency': False,
                  'length': 442,
                  'lines': list([
                    2,
                    3,
                    4,
                    5,
                    6,
                    7,
                    8,
                    9,
                    10,
                    11,
                    12,
                    13,
                    14,
                    15,
                    16,
                    17,
                  ]),
                  'start': 17,
                  'starting_column': 5,
                }),
                'type': 'function',
                'type_specific_fields': dict({
                  'parent': dict({
                    'name': 'C',
                    'source_mapping': dict({
                      'ending_column': 0,
                      'filename_absolute': '/GENERIC_PATH',
                      'filename_relative': 'tests/detectors/variable-scope/0.4.25/predeclaration_usage_local.sol',
                      'filename_short': 'tests/detectors/variable-scope/0.4.25/predeclaration_usage_local.sol',
                      'is_dependency': False,
                      'length': 461,
                      'lines': list([
                        1,
                        2,
                        3,
                        4,
                        5,
                        6,
                        7,
                        8,
                        9,
                        10,
                        11,
                        12,
                        13,
                        14,
                        15,
                        16,
                        17,
                        18,
                        19,
                      ]),
                      'start': 0,
                      'starting_column': 1,
                    }),
                    'type': 'contract',
                  }),
                  'signature': 'f(uint256)',
                }),
              }),
            }),
          }),
        ]),
        'first_markdown_element': 'tests/detectors/variable-scope/0.4.25/predeclaration_usage_local.sol#L8',
        'id': '940660958df422ffbfe30b13d535439b2cb3f84146a23034087228c4e9016d75',
        'impact': 'Low',
        'markdown': '''
          Variable '[C.f(uint256).i](tests/detectors/variable-scope/0.4.25/predeclaration_usage_local.sol#L8)' in [C.f(uint256)](tests/detectors/variable-scope/0.4.25/predeclaration_usage_local.sol#L2-L17) potentially used before declaration: [i = 10](tests/detectors/variable-scope/0.4.25/predeclaration_usage_local.sol#L14)
  
        ''',
      }),
      dict({
        'check': 'variable-scope',
        'confidence': 'High',
        'description': '''
          Variable 'C.f(uint256).i (tests/detectors/variable-scope/0.4.25/predeclaration_usage_local.sol#8)' in C.f(uint256) (tests/detectors/variable-scope/0.4.25/predeclaration_usage_local.sol#2-17) potentially used before declaration: x += i (tests/detectors/variable-scope/0.4.25/predeclaration_usage_local.sol#15)
  
        ''',
        'elements': list([
          dict({
            'name': 'i',
            'source_mapping': dict({
              'ending_column': 29,
              'filename_absolute': '/GENERIC_PATH',
              'filename_relative': 'tests/detectors/variable-scope/0.4.25/predeclaration_usage_local.sol',
              'filename_short': 'tests/detectors/variable-scope/0.4.25/predeclaration_usage_local.sol',
              'is_dependency': False,
              'length': 11,
              'lines': list([
                8,
              ]),
              'start': 199,
              'starting_column': 18,
            }),
            'type': 'variable',
            'type_specific_fields': dict({
              'parent': dict({
                'name': 'f',
                'source_mapping': dict({
                  'ending_column': 6,
                  'filename_absolute': '/GENERIC_PATH',
                  'filename_relative': 'tests/detectors/variable-scope/0.4.25/predeclaration_usage_local.sol',
                  'filename_short': 'tests/detectors/variable-scope/0.4.25/predeclaration_usage_local.sol',
                  'is_dependency': False,
                  'length': 442,
                  'lines': list([
                    2,
                    3,
                    4,
                    5,
                    6,
                    7,
                    8,
                    9,
                    10,
                    11,
                    12,
                    13,
                    14,
                    15,
                    16,
                    17,
                  ]),
                  'start': 17,
                  'starting_column': 5,
                }),
                'type': 'function',
                'type_specific_fields': dict({
                  'parent': dict({
                    'name': 'C',
                    'source_mapping': dict({
                      'ending_column': 0,
                      'filename_absolute': '/GENERIC_PATH',
                      'filename_relative': 'tests/detectors/variable-scope/0.4.25/predeclaration_usage_local.sol',
                      'filename_short': 'tests/detectors/variable-scope/0.4.25/predeclaration_usage_local.sol',
                      'is_dependency': False,
                      'length': 461,
                      'lines': list([
                        1,
                        2,
                        3,
                        4,
                        5,
                        6,
                        7,
                        8,
                        9,
                        10,
                        11,
                        12,
                        13,
                        14,
                        15,
                        16,
                        17,
                        18,
                        19,
                      ]),
                      'start': 0,
                      'starting_column': 1,
                    }),
                    'type': 'contract',
                  }),
                  'signature': 'f(uint256)',
                }),
              }),
            }),
          }),
          dict({
            'name': 'f',
            'source_mapping': dict({
              'ending_column': 6,
              'filename_absolute': '/GENERIC_PATH',
              'filename_relative': 'tests/detectors/variable-scope/0.4.25/predeclaration_usage_local.sol',
              'filename_short': 'tests/detectors/variable-scope/0.4.25/predeclaration_usage_local.sol',
              'is_dependency': False,
              'length': 442,
              'lines': list([
                2,
                3,
                4,
                5,
                6,
                7,
                8,
                9,
                10,
                11,
                12,
                13,
                14,
                15,
                16,
                17,
              ]),
              'start': 17,
              'starting_column': 5,
            }),
            'type': 'function',
            'type_specific_fields': dict({
              'parent': dict({
                'name': 'C',
                'source_mapping': dict({
                  'ending_column': 0,
                  'filename_absolute': '/GENERIC_PATH',
                  'filename_relative': 'tests/detectors/variable-scope/0.4.25/predeclaration_usage_local.sol',
                  'filename_short': 'tests/detectors/variable-scope/0.4.25/predeclaration_usage_local.sol',
                  'is_dependency': False,
                  'length': 461,
                  'lines': list([
                    1,
                    2,
                    3,
                    4,
                    5,
                    6,
                    7,
                    8,
                    9,
                    10,
                    11,
                    12,
                    13,
                    14,
                    15,
                    16,
                    17,
                    18,
                    19,
                  ]),
                  'start': 0,
                  'starting_column': 1,
                }),
                'type': 'contract',
              }),
              'signature': 'f(uint256)',
            }),
          }),
          dict({
            'name': 'x += i',
            'source_mapping': dict({
              'ending_column': 19,
              'filename_absolute': '/GENERIC_PATH',
              'filename_relative': 'tests/detectors/variable-scope/0.4.25/predeclaration_usage_local.sol',
              'filename_short': 'tests/detectors/variable-scope/0.4.25/predeclaration_usage_local.sol',
              'is_dependency': False,
              'length': 6,
              'lines': list([
                15,
              ]),
              'start': 436,
              'starting_column': 13,
            }),
            'type': 'node',
            'type_specific_fields': dict({
              'parent': dict({
                'name': 'f',
                'source_mapping': dict({
                  'ending_column': 6,
                  'filename_absolute': '/GENERIC_PATH',
                  'filename_relative': 'tests/detectors/variable-scope/0.4.25/predeclaration_usage_local.sol',
                  'filename_short': 'tests/detectors/variable-scope/0.4.25/predeclaration_usage_local.sol',
                  'is_dependency': False,
                  'length': 442,
                  'lines': list([
                    2,
                    3,
                    4,
                    5,
                    6,
                    7,
                    8,
                    9,
                    10,
                    11,
                    12,
                    13,
                    14,
                    15,
                    16,
                    17,
                  ]),
                  'start': 17,
                  'starting_column': 5,
                }),
                'type': 'function',
                'type_specific_fields': dict({
                  'parent': dict({
                    'name': 'C',
                    'source_mapping': dict({
                      'ending_column': 0,
                      'filename_absolute': '/GENERIC_PATH',
                      'filename_relative': 'tests/detectors/variable-scope/0.4.25/predeclaration_usage_local.sol',
                      'filename_short': 'tests/detectors/variable-scope/0.4.25/predeclaration_usage_local.sol',
                      'is_dependency': False,
                      'length': 461,
                      'lines': list([
                        1,
                        2,
                        3,
                        4,
                        5,
                        6,
                        7,
                        8,
                        9,
                        10,
                        11,
                        12,
                        13,
                        14,
                        15,
                        16,
                        17,
                        18,
                        19,
                      ]),
                      'start': 0,
                      'starting_column': 1,
                    }),
                    'type': 'contract',
                  }),
                  'signature': 'f(uint256)',
                }),
              }),
            }),
          }),
        ]),
        'first_markdown_element': 'tests/detectors/variable-scope/0.4.25/predeclaration_usage_local.sol#L8',
        'id': 'e346a217ae6931f9fa7ff70302d05db17c0422dd4272f87935b633950239b592',
        'impact': 'Low',
        'markdown': '''
          Variable '[C.f(uint256).i](tests/detectors/variable-scope/0.4.25/predeclaration_usage_local.sol#L8)' in [C.f(uint256)](tests/detectors/variable-scope/0.4.25/predeclaration_usage_local.sol#L2-L17) potentially used before declaration: [x += i](tests/detectors/variable-scope/0.4.25/predeclaration_usage_local.sol#L15)
  
        ''',
      }),
      dict({
        'check': 'variable-scope',
        'confidence': 'High',
        'description': '''
          Variable 'C.f(uint256).x (tests/detectors/variable-scope/0.4.25/predeclaration_usage_local.sol#5)' in C.f(uint256) (tests/detectors/variable-scope/0.4.25/predeclaration_usage_local.sol#2-17) potentially used before declaration: y = x + 9 + z (tests/detectors/variable-scope/0.4.25/predeclaration_usage_local.sol#4)
  
        ''',
        'elements': list([
          dict({
            'name': 'x',
            'source_mapping': dict({
              'ending_column': 19,
              'filename_absolute': '/GENERIC_PATH',
              'filename_relative': 'tests/detectors/variable-scope/0.4.25/predeclaration_usage_local.sol',
              'filename_short': 'tests/detectors/variable-scope/0.4.25/predeclaration_usage_local.sol',
              'is_dependency': False,
              'length': 10,
              'lines': list([
                5,
              ]),
              'start': 130,
              'starting_column': 9,
            }),
            'type': 'variable',
            'type_specific_fields': dict({
              'parent': dict({
                'name': 'f',
                'source_mapping': dict({
                  'ending_column': 6,
                  'filename_absolute': '/GENERIC_PATH',
                  'filename_relative': 'tests/detectors/variable-scope/0.4.25/predeclaration_usage_local.sol',
                  'filename_short': 'tests/detectors/variable-scope/0.4.25/predeclaration_usage_local.sol',
                  'is_dependency': False,
                  'length': 442,
                  'lines': list([
                    2,
                    3,
                    4,
                    5,
                    6,
                    7,
                    8,
                    9,
                    10,
                    11,
                    12,
                    13,
                    14,
                    15,
                    16,
                    17,
                  ]),
                  'start': 17,
                  'starting_column': 5,
                }),
                'type': 'function',
                'type_specific_fields': dict({
                  'parent': dict({
                    'name': 'C',
                    'source_mapping': dict({
                      'ending_column': 0,
                      'filename_absolute': '/GENERIC_PATH',
                      'filename_relative': 'tests/detectors/variable-scope/0.4.25/predeclaration_usage_local.sol',
                      'filename_short': 'tests/detectors/variable-scope/0.4.25/predeclaration_usage_local.sol',
                      'is_dependency': False,
                      'length': 461,
                      'lines': list([
                        1,
                        2,
                        3,
                        4,
                        5,
                        6,
                        7,
                        8,
                        9,
                        10,
                        11,
                        12,
                        13,
                        14,
                        15,
                        16,
                        17,
                        18,
                        19,
                      ]),
                      'start': 0,
                      'starting_column': 1,
                    }),
                    'type': 'contract',
                  }),
                  'signature': 'f(uint256)',
                }),
              }),
            }),
          }),
          dict({
            'name': 'f',
            'source_mapping': dict({
              'ending_column': 6,
              'filename_absolute': '/GENERIC_PATH',
              'filename_relative': 'tests/detectors/variable-scope/0.4.25/predeclaration_usage_local.sol',
              'filename_short': 'tests/detectors/variable-scope/0.4.25/predeclaration_usage_local.sol',
              'is_dependency': False,
              'length': 442,
              'lines': list([
                2,
                3,
                4,
                5,
                6,
                7,
                8,
                9,
                10,
                11,
                12,
                13,
                14,
                15,
                16,
                17,
              ]),
              'start': 17,
              'starting_column': 5,
            }),
            'type': 'function',
            'type_specific_fields': dict({
              'parent': dict({
                'name': 'C',
                'source_mapping': dict({
                  'ending_column': 0,
                  'filename_absolute': '/GENERIC_PATH',
                  'filename_relative': 'tests/detectors/variable-scope/0.4.25/predeclaration_usage_local.sol',
                  'filename_short': 'tests/detectors/variable-scope/0.4.25/predeclaration_usage_local.sol',
                  'is_dependency': False,
                  'length': 461,
                  'lines': list([
                    1,
                    2,
                    3,
                    4,
                    5,
                    6,
                    7,
                    8,
                    9,
                    10,
                    11,
                    12,
                    13,
                    14,
                    15,
                    16,
                    17,
                    18,
                    19,
                  ]),
                  'start': 0,
                  'starting_column': 1,
                }),
                'type': 'contract',
              }),
              'signature': 'f(uint256)',
            }),
          }),
          dict({
            'name': 'y = x + 9 + z',
            'source_mapping': dict({
              'ending_column': 22,
              'filename_absolute': '/GENERIC_PATH',
              'filename_relative': 'tests/detectors/variable-scope/0.4.25/predeclaration_usage_local.sol',
              'filename_short': 'tests/detectors/variable-scope/0.4.25/predeclaration_usage_local.sol',
              'is_dependency': False,
              'length': 13,
              'lines': list([
                4,
              ]),
              'start': 69,
              'starting_column': 9,
            }),
            'type': 'node',
            'type_specific_fields': dict({
              'parent': dict({
                'name': 'f',
                'source_mapping': dict({
                  'ending_column': 6,
                  'filename_absolute': '/GENERIC_PATH',
                  'filename_relative': 'tests/detectors/variable-scope/0.4.25/predeclaration_usage_local.sol',
                  'filename_short': 'tests/detectors/variable-scope/0.4.25/predeclaration_usage_local.sol',
                  'is_dependency': False,
                  'length': 442,
                  'lines': list([
                    2,
                    3,
                    4,
                    5,
                    6,
                    7,
                    8,
                    9,
                    10,
                    11,
                    12,
                    13,
                    14,
                    15,
                    16,
                    17,
                  ]),
                  'start': 17,
                  'starting_column': 5,
                }),
                'type': 'function',
                'type_specific_fields': dict({
                  'parent': dict({
                    'name': 'C',
                    'source_mapping': dict({
                      'ending_column': 0,
                      'filename_absolute': '/GENERIC_PATH',
                      'filename_relative': 'tests/detectors/variable-scope/0.4.25/predeclaration_usage_local.sol',
                      'filename_short': 'tests/detectors/variable-scope/0.4.25/predeclaration_usage_local.sol',
                      'is_dependency': False,
                      'length': 461,
                      'lines': list([
                        1,
                        2,
                        3,
                        4,
                        5,
                        6,
                        7,
                        8,
                        9,
                        10,
                        11,
                        12,
                        13,
                        14,
                        15,
                        16,
                        17,
                        18,
                        19,
                      ]),
                      'start': 0,
                      'starting_column': 1,
                    }),
                    'type': 'contract',
                  }),
                  'signature': 'f(uint256)',
                }),
              }),
            }),
          }),
        ]),
        'first_markdown_element': 'tests/detectors/variable-scope/0.4.25/predeclaration_usage_local.sol#L5',
        'id': 'ede1e902fdfe70c5e7cf91f33df8540f1d15952d00f70a9a5dfb9edbcbe49cb6',
        'impact': 'Low',
        'markdown': '''
          Variable '[C.f(uint256).x](tests/detectors/variable-scope/0.4.25/predeclaration_usage_local.sol#L5)' in [C.f(uint256)](tests/detectors/variable-scope/0.4.25/predeclaration_usage_local.sol#L2-L17) potentially used before declaration: [y = x + 9 + z](tests/detectors/variable-scope/0.4.25/predeclaration_usage_local.sol#L4)
  
        ''',
      }),
      dict({
        'check': 'variable-scope',
        'confidence': 'High',
        'description': '''
          Variable 'C.f(uint256).i (tests/detectors/variable-scope/0.4.25/predeclaration_usage_local.sol#8)' in C.f(uint256) (tests/detectors/variable-scope/0.4.25/predeclaration_usage_local.sol#2-17) potentially used before declaration: i > 0 (tests/detectors/variable-scope/0.4.25/predeclaration_usage_local.sol#14)
  
        ''',
        'elements': list([
          dict({
            'name': 'i',
            'source_mapping': dict({
              'ending_column': 29,
              'filename_absolute': '/GENERIC_PATH',
              'filename_relative': 'tests/detectors/variable-scope/0.4.25/predeclaration_usage_local.sol',
              'filename_short': 'tests/detectors/variable-scope/0.4.25/predeclaration_usage_local.sol',
              'is_dependency': False,
              'length': 11,
              'lines': list([
                8,
              ]),
              'start': 199,
              'starting_column': 18,
            }),
            'type': 'variable',
            'type_specific_fields': dict({
              'parent': dict({
                'name': 'f',
                'source_mapping': dict({
                  'ending_column': 6,
                  'filename_absolute': '/GENERIC_PATH',
                  'filename_relative': 'tests/detectors/variable-scope/0.4.25/predeclaration_usage_local.sol',
                  'filename_short': 'tests/detectors/variable-scope/0.4.25/predeclaration_usage_local.sol',
                  'is_dependency': False,
                  'length': 442,
                  'lines': list([
                    2,
                    3,
                    4,
                    5,
                    6,
                    7,
                    8,
                    9,
                    10,
                    11,
                    12,
                    13,
                    14,
                    15,
                    16,
                    17,
                  ]),
                  'start': 17,
                  'starting_column': 5,
                }),
                'type': 'function',
                'type_specific_fields': dict({
                  'parent': dict({
                    'name': 'C',
                    'source_mapping': dict({
                      'ending_column': 0,
                      'filename_absolute': '/GENERIC_PATH',
                      'filename_relative': 'tests/detectors/variable-scope/0.4.25/predeclaration_usage_local.sol',
                      'filename_short': 'tests/detectors/variable-scope/0.4.25/predeclaration_usage_local.sol',
                      'is_dependency': False,
                      'length': 461,
                      'lines': list([
                        1,
                        2,
                        3,
                        4,
                        5,
                        6,
                        7,
                        8,
                        9,
                        10,
                        11,
                        12,
                        13,
                        14,
                        15,
                        16,
                        17,
                        18,
                        19,
                      ]),
                      'start': 0,
                      'starting_column': 1,
                    }),
                    'type': 'contract',
                  }),
                  'signature': 'f(uint256)',
                }),
              }),
            }),
          }),
          dict({
            'name': 'f',
            'source_mapping': dict({
              'ending_column': 6,
              'filename_absolute': '/GENERIC_PATH',
              'filename_relative': 'tests/detectors/variable-scope/0.4.25/predeclaration_usage_local.sol',
              'filename_short': 'tests/detectors/variable-scope/0.4.25/predeclaration_usage_local.sol',
              'is_dependency': False,
              'length': 442,
              'lines': list([
                2,
                3,
                4,
                5,
                6,
                7,
                8,
                9,
                10,
                11,
                12,
                13,
                14,
                15,
                16,
                17,
              ]),
              'start': 17,
              'starting_column': 5,
            }),
            'type': 'function',
            'type_specific_fields': dict({
              'parent': dict({
                'name': 'C',
                'source_mapping': dict({
                  'ending_column': 0,
                  'filename_absolute': '/GENERIC_PATH',
                  'filename_relative': 'tests/detectors/variable-scope/0.4.25/predeclaration_usage_local.sol',
                  'filename_short': 'tests/detectors/variable-scope/0.4.25/predeclaration_usage_local.sol',
                  'is_dependency': False,
                  'length': 461,
                  'lines': list([
                    1,
                    2,
                    3,
                    4,
                    5,
                    6,
                    7,
                    8,
                    9,
                    10,
                    11,
                    12,
                    13,
                    14,
                    15,
                    16,
                    17,
                    18,
                    19,
                  ]),
                  'start': 0,
                  'starting_column': 1,
                }),
                'type': 'contract',
              }),
              'signature': 'f(uint256)',
            }),
          }),
          dict({
            'name': 'i > 0',
            'source_mapping': dict({
              'ending_column': 27,
              'filename_absolute': '/GENERIC_PATH',
              'filename_relative': 'tests/detectors/variable-scope/0.4.25/predeclaration_usage_local.sol',
              'filename_short': 'tests/detectors/variable-scope/0.4.25/predeclaration_usage_local.sol',
              'is_dependency': False,
              'length': 5,
              'lines': list([
                14,
              ]),
              'start': 410,
              'starting_column': 22,
            }),
            'type': 'node',
            'type_specific_fields': dict({
              'parent': dict({
                'name': 'f',
                'source_mapping': dict({
                  'ending_column': 6,
                  'filename_absolute': '/GENERIC_PATH',
                  'filename_relative': 'tests/detectors/variable-scope/0.4.25/predeclaration_usage_local.sol',
                  'filename_short': 'tests/detectors/variable-scope/0.4.25/predeclaration_usage_local.sol',
                  'is_dependency': False,
                  'length': 442,
                  'lines': list([
                    2,
                    3,
                    4,
                    5,
                    6,
                    7,
                    8,
                    9,
                    10,
                    11,
                    12,
                    13,
                    14,
                    15,
                    16,
                    17,
                  ]),
                  'start': 17,
                  'starting_column': 5,
                }),
                'type': 'function',
                'type_specific_fields': dict({
                  'parent': dict({
                    'name': 'C',
                    'source_mapping': dict({
                      'ending_column': 0,
                      'filename_absolute': '/GENERIC_PATH',
                      'filename_relative': 'tests/detectors/variable-scope/0.4.25/predeclaration_usage_local.sol',
                      'filename_short': 'tests/detectors/variable-scope/0.4.25/predeclaration_usage_local.sol',
                      'is_dependency': False,
                      'length': 461,
                      'lines': list([
                        1,
                        2,
                        3,
                        4,
                        5,
                        6,
                        7,
                        8,
                        9,
                        10,
                        11,
                        12,
                        13,
                        14,
                        15,
                        16,
                        17,
                        18,
                        19,
                      ]),
                      'start': 0,
                      'starting_column': 1,
                    }),
                    'type': 'contract',
                  }),
                  'signature': 'f(uint256)',
                }),
              }),
            }),
          }),
        ]),
        'first_markdown_element': 'tests/detectors/variable-scope/0.4.25/predeclaration_usage_local.sol#L8',
        'id': 'ffb778e86e0b11beed38687c3abf9ffd0de948ec4ccc0109a78954741220de9e',
        'impact': 'Low',
        'markdown': '''
          Variable '[C.f(uint256).i](tests/detectors/variable-scope/0.4.25/predeclaration_usage_local.sol#L8)' in [C.f(uint256)](tests/detectors/variable-scope/0.4.25/predeclaration_usage_local.sol#L2-L17) potentially used before declaration: [i > 0](tests/detectors/variable-scope/0.4.25/predeclaration_usage_local.sol#L14)
  
        ''',
      }),
    ]),
  ])
# ---
