# serializer version: 1
# name: test_detector[PublicMappingNested-0.4.25-public_mappings_nested.sol]
  list([
    list([
      dict({
        'check': 'public-mappings-nested',
        'confidence': 'High',
        'description': '''
          Bug.testMapping (tests/detectors/public-mappings-nested/0.4.25/public_mappings_nested.sol#14) is a public mapping with nested variables
  
        ''',
        'elements': list([
          dict({
            'name': 'testMapping',
            'source_mapping': dict({
              'ending_column': 52,
              'filename_absolute': '/GENERIC_PATH',
              'filename_relative': 'tests/detectors/public-mappings-nested/0.4.25/public_mappings_nested.sol',
              'filename_short': 'tests/detectors/public-mappings-nested/0.4.25/public_mappings_nested.sol',
              'is_dependency': False,
              'length': 47,
              'lines': list([
                14,
              ]),
              'start': 265,
              'starting_column': 5,
            }),
            'type': 'variable',
            'type_specific_fields': dict({
              'parent': dict({
                'name': 'Bug',
                'source_mapping': dict({
                  'ending_column': 2,
                  'filename_absolute': '/GENERIC_PATH',
                  'filename_relative': 'tests/detectors/public-mappings-nested/0.4.25/public_mappings_nested.sol',
                  'filename_short': 'tests/detectors/public-mappings-nested/0.4.25/public_mappings_nested.sol',
                  'is_dependency': False,
                  'length': 345,
                  'lines': list([
                    4,
                    5,
                    6,
                    7,
                    8,
                    9,
                    10,
                    11,
                    12,
                    13,
                    14,
                    15,
                    16,
                    17,
                    18,
                    19,
                    20,
                    21,
                  ]),
                  'start': 138,
                  'starting_column': 1,
                }),
                'type': 'contract',
              }),
            }),
          }),
        ]),
        'first_markdown_element': 'tests/detectors/public-mappings-nested/0.4.25/public_mappings_nested.sol#L14',
        'id': '100978112524def620b003331f34b2b51eb78cae6f7eb2793d9671b4b7bb858a',
        'impact': 'High',
        'markdown': '''
          [Bug.testMapping](tests/detectors/public-mappings-nested/0.4.25/public_mappings_nested.sol#L14) is a public mapping with nested variables
  
        ''',
      }),
    ]),
  ])
# ---
