# serializer version: 1
# name: TestIntervalAnalysis.test_contract_analysis[Assert.sol]
  dict({
    'AssertTests': dict({
      'assertAlwaysFalse': dict({
        'variables': dict({
          'AssertTests.assertAlwaysFalse().x|x_1': dict({
            'overflow': 'NO',
            'range': '[10, 10]',
          }),
          'AssertTests.assertAlwaysFalse().y|y_1': dict({
            'overflow': 'NO',
            'range': '[20, 20]',
          }),
        }),
      }),
      'assertExactValue': dict({
        'variables': dict({
          'AssertTests.assertExactValue().x|x_1': dict({
            'overflow': 'NO',
            'range': '[5, 5]',
          }),
          'AssertTests.assertExactValue().y|y_1': dict({
            'overflow': 'NO',
            'range': '[15, 15]',
          }),
          'AssertTests.assertExactValue().z|z_1': dict({
            'overflow': 'NO',
            'range': '[16, 16]',
          }),
        }),
      }),
      'assertMultipleConstraints': dict({
        'variables': dict({
          'AssertTests.assertMultipleConstraints().result|result_1': dict({
            'overflow': 'NO',
            'range': '[160, 160]',
          }),
          'AssertTests.assertMultipleConstraints().value|value_1': dict({
            'overflow': 'NO',
            'range': '[100, 100]',
          }),
          'AssertTests.assertMultipleConstraints().value|value_2': dict({
            'overflow': 'NO',
            'range': '[150, 150]',
          }),
        }),
      }),
      'assertRangeNarrowing': dict({
        'variables': dict({
          'AssertTests.assertRangeNarrowing().a|a_1': dict({
            'overflow': 'NO',
            'range': '[100, 100]',
          }),
          'AssertTests.assertRangeNarrowing().b|b_1': dict({
            'overflow': 'NO',
            'range': '[150, 150]',
          }),
          'AssertTests.assertRangeNarrowing().c|c_1': dict({
            'overflow': 'NO',
            'range': '[160, 160]',
          }),
        }),
      }),
      'assertSignedRange': dict({
        'variables': dict({
          'AssertTests.assertSignedRange().x|x_1': dict({
            'overflow': 'NO',
            'range': '[50, 50]',
          }),
          'AssertTests.assertSignedRange().y|y_1': dict({
            'overflow': 'NO',
            'range': '[20, 20]',
          }),
          'AssertTests.assertSignedRange().z|z_1': dict({
            'overflow': 'NO',
            'range': '[40, 40]',
          }),
        }),
      }),
    }),
  })
# ---
# name: TestIntervalAnalysis.test_contract_analysis[Assignment.sol]
  dict({
    'ArithmeticOverflowTests': dict({
      'test_addition_int16_overflow': dict({
        'variables': dict({
          'ArithmeticOverflowTests.test_addition_int16_overflow().x|x_1': dict({
            'overflow': 'NO',
            'range': '[32000, 32000]',
          }),
          'ArithmeticOverflowTests.test_addition_int16_overflow().y|y_1': dict({
            'overflow': 'NO',
            'range': '[1000, 1000]',
          }),
        }),
      }),
      'test_addition_int_checked': dict({
        'variables': dict({
          'ArithmeticOverflowTests.test_addition_int_checked().a': dict({
            'overflow': 'NO',
            'range': '[0, 0]',
          }),
          'ArithmeticOverflowTests.test_addition_int_checked().a|a_0': dict({
            'overflow': 'NO',
            'range': '[0, 0]',
          }),
        }),
      }),
      'test_addition_int_no_overflow': dict({
        'variables': dict({
          'ArithmeticOverflowTests.test_addition_int_no_overflow().a|a_1': dict({
            'overflow': 'NO',
            'range': '[50, 50]',
          }),
          'ArithmeticOverflowTests.test_addition_int_no_overflow().b|b_1': dict({
            'overflow': 'NO',
            'range': '[70, 70]',
          }),
          'ArithmeticOverflowTests.test_addition_int_no_overflow().c|c_1': dict({
            'overflow': 'NO',
            'range': '[120, 120]',
          }),
        }),
      }),
      'test_addition_uint256_edge': dict({
        'variables': dict({
          'ArithmeticOverflowTests.test_addition_uint256_edge().a|a_1': dict({
            'overflow': 'NO',
            'range': '[115792089237316195423570985008687907853269984665640564039457584007913129639925, 115792089237316195423570985008687907853269984665640564039457584007913129639925]',
          }),
          'ArithmeticOverflowTests.test_addition_uint256_edge().b|b_1': dict({
            'overflow': 'NO',
            'range': '[5, 5]',
          }),
          'ArithmeticOverflowTests.test_addition_uint256_edge().c|c_1': dict({
            'overflow': 'NO',
            'range': '[115792089237316195423570985008687907853269984665640564039457584007913129639930, 115792089237316195423570985008687907853269984665640564039457584007913129639930]',
          }),
        }),
      }),
      'test_addition_uint_overflow': dict({
        'variables': dict({
          'ArithmeticOverflowTests.test_addition_uint_overflow().a|a_1': dict({
            'overflow': 'NO',
            'range': '[200, 200]',
          }),
          'ArithmeticOverflowTests.test_addition_uint_overflow().b|b_1': dict({
            'overflow': 'NO',
            'range': '[100, 100]',
          }),
        }),
      }),
      'test_complex_expression_1': dict({
        'variables': dict({
          'ArithmeticOverflowTests.test_complex_expression_1().a|a_1': dict({
            'overflow': 'NO',
            'range': '[10, 10]',
          }),
          'ArithmeticOverflowTests.test_complex_expression_1().b|b_1': dict({
            'overflow': 'NO',
            'range': '[20, 20]',
          }),
          'ArithmeticOverflowTests.test_complex_expression_1().c|c_1': dict({
            'overflow': 'NO',
            'range': '[30, 30]',
          }),
        }),
      }),
      'test_complex_expression_2': dict({
        'variables': dict({
          'ArithmeticOverflowTests.test_complex_expression_2().a|a_1': dict({
            'overflow': 'NO',
            'range': '[5, 5]',
          }),
          'ArithmeticOverflowTests.test_complex_expression_2().b|b_1': dict({
            'overflow': 'NO',
            'range': '[10, 10]',
          }),
          'ArithmeticOverflowTests.test_complex_expression_2().c|c_1': dict({
            'overflow': 'NO',
            'range': '[3, 3]',
          }),
          'ArithmeticOverflowTests.test_complex_expression_2().result|result_1': dict({
            'overflow': 'NO',
            'range': '[45, 45]',
          }),
        }),
      }),
      'test_division_valid': dict({
        'variables': dict({
          'ArithmeticOverflowTests.test_division_valid().a|a_1': dict({
            'overflow': 'NO',
            'range': '[1000, 1000]',
          }),
          'ArithmeticOverflowTests.test_division_valid().b|b_1': dict({
            'overflow': 'NO',
            'range': '[7, 7]',
          }),
          'ArithmeticOverflowTests.test_division_valid().c|c_1': dict({
            'overflow': 'NO',
            'range': '[142, 142]',
          }),
        }),
      }),
      'test_left_shift_overflow': dict({
        'variables': dict({
          'ArithmeticOverflowTests.test_left_shift_overflow().a|a_1': dict({
            'overflow': 'NO',
            'range': '[1, 1]',
          }),
          'ArithmeticOverflowTests.test_left_shift_overflow().b|b_1': dict({
            'overflow': 'NO',
            'range': '[0, 0]',
          }),
        }),
      }),
      'test_left_shift_valid': dict({
        'variables': dict({
          'ArithmeticOverflowTests.test_left_shift_valid().a|a_1': dict({
            'overflow': 'NO',
            'range': '[1, 1]',
          }),
          'ArithmeticOverflowTests.test_left_shift_valid().b|b_1': dict({
            'overflow': 'NO',
            'range': '[128, 128]',
          }),
        }),
      }),
      'test_max_value_increment': dict({
        'variables': dict({
          'ArithmeticOverflowTests.test_max_value_increment().a|a_1': dict({
            'overflow': 'NO',
            'range': '[127, 127]',
          }),
        }),
      }),
      'test_modulo_valid': dict({
        'variables': dict({
          'ArithmeticOverflowTests.test_modulo_valid().a|a_1': dict({
            'overflow': 'NO',
            'range': '[100, 100]',
          }),
          'ArithmeticOverflowTests.test_modulo_valid().b|b_1': dict({
            'overflow': 'NO',
            'range': '[7, 7]',
          }),
          'ArithmeticOverflowTests.test_modulo_valid().c|c_1': dict({
            'overflow': 'NO',
            'range': '[2, 2]',
          }),
        }),
      }),
      'test_multiple_uninitialized': dict({
        'variables': dict({
          'ArithmeticOverflowTests.test_multiple_uninitialized().x': dict({
            'overflow': 'NO',
            'range': '[0, 0]',
          }),
          'ArithmeticOverflowTests.test_multiple_uninitialized().x|x_0': dict({
            'overflow': 'NO',
            'range': '[0, 0]',
          }),
          'ArithmeticOverflowTests.test_multiple_uninitialized().y': dict({
            'overflow': 'NO',
            'range': '[0, 0]',
          }),
          'ArithmeticOverflowTests.test_multiple_uninitialized().y|y_0': dict({
            'overflow': 'NO',
            'range': '[0, 0]',
          }),
          'ArithmeticOverflowTests.test_multiple_uninitialized().z|z_1': dict({
            'overflow': 'NO',
            'range': '[0, 0]',
          }),
        }),
      }),
      'test_multiplication_int_negative': dict({
        'variables': dict({
          'ArithmeticOverflowTests.test_multiplication_int_negative().a|a_1': dict({
            'overflow': 'NO',
            'range': '[-10, -10]',
          }),
          'ArithmeticOverflowTests.test_multiplication_int_negative().b|b_1': dict({
            'overflow': 'NO',
            'range': '[10, 10]',
          }),
          'ArithmeticOverflowTests.test_multiplication_int_negative().c|c_1': dict({
            'overflow': 'NO',
            'range': '[-100, -100]',
          }),
        }),
      }),
      'test_multiplication_int_overflow': dict({
        'variables': dict({
          'ArithmeticOverflowTests.test_multiplication_int_overflow().a|a_1': dict({
            'overflow': 'NO',
            'range': '[20, 20]',
          }),
          'ArithmeticOverflowTests.test_multiplication_int_overflow().b|b_1': dict({
            'overflow': 'NO',
            'range': '[10, 10]',
          }),
        }),
      }),
      'test_multiplication_int_valid': dict({
        'variables': dict({
          'ArithmeticOverflowTests.test_multiplication_int_valid().a|a_1': dict({
            'overflow': 'NO',
            'range': '[10, 10]',
          }),
          'ArithmeticOverflowTests.test_multiplication_int_valid().b|b_1': dict({
            'overflow': 'NO',
            'range': '[12, 12]',
          }),
          'ArithmeticOverflowTests.test_multiplication_int_valid().c|c_1': dict({
            'overflow': 'NO',
            'range': '[120, 120]',
          }),
        }),
      }),
      'test_multiplication_uint_overflow': dict({
        'variables': dict({
          'ArithmeticOverflowTests.test_multiplication_uint_overflow().a|a_1': dict({
            'overflow': 'NO',
            'range': '[16, 16]',
          }),
          'ArithmeticOverflowTests.test_multiplication_uint_overflow().b|b_1': dict({
            'overflow': 'NO',
            'range': '[16, 16]',
          }),
        }),
      }),
      'test_multiplication_uint_valid': dict({
        'variables': dict({
          'ArithmeticOverflowTests.test_multiplication_uint_valid().a|a_1': dict({
            'overflow': 'NO',
            'range': '[15, 15]',
          }),
          'ArithmeticOverflowTests.test_multiplication_uint_valid().b|b_1': dict({
            'overflow': 'NO',
            'range': '[17, 17]',
          }),
          'ArithmeticOverflowTests.test_multiplication_uint_valid().c|c_1': dict({
            'overflow': 'NO',
            'range': '[255, 255]',
          }),
        }),
      }),
      'test_power_uint_overflow': dict({
        'variables': dict({
          'ArithmeticOverflowTests.test_power_uint_overflow().a|a_1': dict({
            'overflow': 'NO',
            'range': '[2, 2]',
          }),
          'ArithmeticOverflowTests.test_power_uint_overflow().c|c_1': dict({
            'overflow': 'NO',
            'range': '[8, 8]',
          }),
        }),
      }),
      'test_power_uint_valid': dict({
        'variables': dict({
          'ArithmeticOverflowTests.test_power_uint_valid().a|a_1': dict({
            'overflow': 'NO',
            'range': '[2, 2]',
          }),
          'ArithmeticOverflowTests.test_power_uint_valid().b|b_1': dict({
            'overflow': 'NO',
            'range': '[128, 128]',
          }),
        }),
      }),
      'test_power_zero_base': dict({
        'variables': dict({
          'ArithmeticOverflowTests.test_power_zero_base().a|a_1': dict({
            'overflow': 'NO',
            'range': '[1, 1]',
          }),
          'ArithmeticOverflowTests.test_power_zero_base().b|b_1': dict({
            'overflow': 'NO',
            'range': '[1, 1]',
          }),
        }),
      }),
      'test_power_zero_exponent': dict({
        'variables': dict({
          'ArithmeticOverflowTests.test_power_zero_exponent().a|a_1': dict({
            'overflow': 'NO',
            'range': '[12345, 12345]',
          }),
          'ArithmeticOverflowTests.test_power_zero_exponent().b|b_1': dict({
            'overflow': 'NO',
            'range': '[1, 1]',
          }),
        }),
      }),
      'test_right_shift': dict({
        'variables': dict({
          'ArithmeticOverflowTests.test_right_shift().a|a_1': dict({
            'overflow': 'NO',
            'range': '[128, 128]',
          }),
          'ArithmeticOverflowTests.test_right_shift().b|b_1': dict({
            'overflow': 'NO',
            'range': '[16, 16]',
          }),
        }),
      }),
      'test_subtraction_int_valid': dict({
        'variables': dict({
          'ArithmeticOverflowTests.test_subtraction_int_valid().a|a_1': dict({
            'overflow': 'NO',
            'range': '[-100, -100]',
          }),
          'ArithmeticOverflowTests.test_subtraction_int_valid().b|b_1': dict({
            'overflow': 'NO',
            'range': '[20, 20]',
          }),
          'ArithmeticOverflowTests.test_subtraction_int_valid().c|c_1': dict({
            'overflow': 'NO',
            'range': '[-120, -120]',
          }),
        }),
      }),
      'test_subtraction_uint256_valid': dict({
        'variables': dict({
          'ArithmeticOverflowTests.test_subtraction_uint256_valid().a|a_1': dict({
            'overflow': 'NO',
            'range': '[1000, 1000]',
          }),
          'ArithmeticOverflowTests.test_subtraction_uint256_valid().b|b_1': dict({
            'overflow': 'NO',
            'range': '[300, 300]',
          }),
          'ArithmeticOverflowTests.test_subtraction_uint256_valid().c|c_1': dict({
            'overflow': 'NO',
            'range': '[700, 700]',
          }),
        }),
      }),
      'test_subtraction_uint_underflow': dict({
        'variables': dict({
          'ArithmeticOverflowTests.test_subtraction_uint_underflow().a|a_1': dict({
            'overflow': 'NO',
            'range': '[50, 50]',
          }),
          'ArithmeticOverflowTests.test_subtraction_uint_underflow().b|b_1': dict({
            'overflow': 'NO',
            'range': '[100, 100]',
          }),
        }),
      }),
      'test_uint_max_increment': dict({
        'variables': dict({
          'ArithmeticOverflowTests.test_uint_max_increment().a|a_1': dict({
            'overflow': 'NO',
            'range': '[255, 255]',
          }),
        }),
      }),
      'test_uint_zero_decrement': dict({
        'variables': dict({
          'ArithmeticOverflowTests.test_uint_zero_decrement().a|a_1': dict({
            'overflow': 'NO',
            'range': '[0, 0]',
          }),
        }),
      }),
      'test_unchecked_addition_wraps': dict({
        'variables': dict({
          'ArithmeticOverflowTests.test_unchecked_addition_wraps().a|a_1': dict({
            'overflow': 'NO',
            'range': '[200, 200]',
          }),
          'ArithmeticOverflowTests.test_unchecked_addition_wraps().b|b_1': dict({
            'overflow': 'NO',
            'range': '[100, 100]',
          }),
          'ArithmeticOverflowTests.test_unchecked_addition_wraps().c|c_1': dict({
            'overflow': 'YES',
            'range': '[44, 44]',
          }),
        }),
      }),
      'test_unchecked_multiplication_wraps': dict({
        'variables': dict({
          'ArithmeticOverflowTests.test_unchecked_multiplication_wraps().a|a_1': dict({
            'overflow': 'NO',
            'range': '[20, 20]',
          }),
          'ArithmeticOverflowTests.test_unchecked_multiplication_wraps().b|b_1': dict({
            'overflow': 'NO',
            'range': '[20, 20]',
          }),
          'ArithmeticOverflowTests.test_unchecked_multiplication_wraps().c|c_1': dict({
            'overflow': 'YES',
            'range': '[144, 144]',
          }),
        }),
      }),
      'test_unchecked_subtraction_wraps': dict({
        'variables': dict({
          'ArithmeticOverflowTests.test_unchecked_subtraction_wraps().a|a_1': dict({
            'overflow': 'NO',
            'range': '[50, 50]',
          }),
          'ArithmeticOverflowTests.test_unchecked_subtraction_wraps().b|b_1': dict({
            'overflow': 'NO',
            'range': '[100, 100]',
          }),
          'ArithmeticOverflowTests.test_unchecked_subtraction_wraps().c|c_1': dict({
            'overflow': 'YES',
            'range': '[206, 206]',
          }),
        }),
      }),
      'test_uninitialized_variable': dict({
        'variables': dict({
          'ArithmeticOverflowTests.test_uninitialized_variable().a': dict({
            'overflow': 'NO',
            'range': '[0, 0]',
          }),
          'ArithmeticOverflowTests.test_uninitialized_variable().a|a_0': dict({
            'overflow': 'NO',
            'range': '[0, 0]',
          }),
          'ArithmeticOverflowTests.test_uninitialized_variable().b|b_1': dict({
            'overflow': 'NO',
            'range': '[10, 10]',
          }),
        }),
      }),
    }),
  })
# ---
# name: TestIntervalAnalysis.test_contract_analysis[FunctionArgs.sol]
  dict({
    'FunctionArgsTests': dict({
      'callDouble': dict({
        'variables': dict({
          'FunctionArgsTests.callDouble().arg|arg_1': dict({
            'overflow': 'NO',
            'range': '[10, 10]',
          }),
          'FunctionArgsTests.callDouble().result|result_1': dict({
            'overflow': 'NO',
            'range': '[20, 20]',
          }),
          'FunctionArgsTests.double(uint8).x|x_1': dict({
            'overflow': 'NO',
            'range': '[10, 10]',
          }),
          'FunctionArgsTests.double(uint8).x|x_2': dict({
            'overflow': 'NO',
            'range': '[20, 20]',
          }),
        }),
      }),
      'complexExpression': dict({
        'variables': dict({
          'FunctionArgsTests.complexExpression(uint256).x|x_1': dict({
            'overflow': 'NO',
            'range': '[1, 499]',
          }),
          'FunctionArgsTests.complexExpression(uint256).y|y_1': dict({
            'overflow': 'NO',
            'range': '[2, 998]',
          }),
          'TMP_24': dict({
            'overflow': 'NO',
            'range': '[12, 1008]',
          }),
        }),
      }),
      'constrainedAdd': dict({
        'variables': dict({
          'FunctionArgsTests.constrainedAdd(uint8,uint8).a|a_1': dict({
            'overflow': 'NO',
            'range': '[10, 100]',
          }),
          'FunctionArgsTests.constrainedAdd(uint8,uint8).b|b_1': dict({
            'overflow': 'NO',
            'range': '[20, 50]',
          }),
          'TMP_12': dict({
            'overflow': 'NO',
            'range': '[30, 150]',
          }),
        }),
      }),
      'double': dict({
        'variables': dict({
          'FunctionArgsTests.double(uint8).x|x_1': dict({
            'overflow': 'NO',
            'range': '[0, 49]',
          }),
          'FunctionArgsTests.double(uint8).x|x_2': dict({
            'overflow': 'NO',
            'range': '[0, 98]',
          }),
        }),
      }),
      'multipleCalls': dict({
        'variables': dict({
          'FunctionArgsTests.constrainedAdd(uint8,uint8).a|a_1': dict({
            'overflow': 'NO',
            'range': '[30, 30]',
          }),
          'FunctionArgsTests.constrainedAdd(uint8,uint8).b|b_1': dict({
            'overflow': 'NO',
            'range': '[25, 25]',
          }),
          'FunctionArgsTests.double(uint8).x|x_1': dict({
            'overflow': 'NO',
            'range': '[25, 25]',
          }),
          'FunctionArgsTests.double(uint8).x|x_2': dict({
            'overflow': 'NO',
            'range': '[50, 50]',
          }),
          'FunctionArgsTests.multipleCalls().a|a_1': dict({
            'overflow': 'NO',
            'range': '[25, 25]',
          }),
          'FunctionArgsTests.multipleCalls().b|b_1': dict({
            'overflow': 'NO',
            'range': '[50, 50]',
          }),
          'FunctionArgsTests.multipleCalls().c|c_1': dict({
            'overflow': 'NO',
            'range': '[55, 55]',
          }),
          'FunctionArgsTests.multipleCalls().d|d_1': dict({
            'overflow': 'NO',
            'range': '[105, 105]',
          }),
        }),
      }),
      'potentialOverflow': dict({
        'variables': dict({
          'FunctionArgsTests.potentialOverflow(uint8).x|x_1': dict({
            'overflow': 'NO',
            'range': '[201, 255]',
          }),
        }),
      }),
      'potentialUnderflow': dict({
        'variables': dict({
          'FunctionArgsTests.potentialUnderflow(int8).x|x_1': dict({
            'overflow': 'NO',
            'range': '[-128, -101]',
          }),
        }),
      }),
      'signedOperation': dict({
        'variables': dict({
          'FunctionArgsTests.signedOperation(int8).x|x_1': dict({
            'overflow': 'NO',
            'range': '[-50, 50]',
          }),
          'TMP_18': dict({
            'overflow': 'NO',
            'range': '[-100, 100]',
          }),
        }),
      }),
    }),
  })
# ---
# name: TestIntervalAnalysis.test_contract_analysis[Math.sol]
  dict({
    'MathOperations': dict({
      'addNoOverflow': dict({
        'variables': dict({
          'MathOperations.addNoOverflow().a|a_1': dict({
            'overflow': 'NO',
            'range': '[100, 100]',
          }),
          'MathOperations.addNoOverflow().b|b_1': dict({
            'overflow': 'NO',
            'range': '[50, 50]',
          }),
          'MathOperations.addNoOverflow().c|c_1': dict({
            'overflow': 'NO',
            'range': '[150, 150]',
          }),
        }),
      }),
      'addWithOverflow': dict({
        'variables': dict({
          'MathOperations.addWithOverflow().a|a_1': dict({
            'overflow': 'NO',
            'range': '[200, 200]',
          }),
          'MathOperations.addWithOverflow().b|b_1': dict({
            'overflow': 'NO',
            'range': '[100, 100]',
          }),
        }),
      }),
      'complexExpression': dict({
        'variables': dict({
          'MathOperations.complexExpression().a|a_1': dict({
            'overflow': 'NO',
            'range': '[10, 10]',
          }),
          'MathOperations.complexExpression().b|b_1': dict({
            'overflow': 'NO',
            'range': '[20, 20]',
          }),
          'MathOperations.complexExpression().c|c_1': dict({
            'overflow': 'NO',
            'range': '[60, 60]',
          }),
          'MathOperations.complexExpression().d|d_1': dict({
            'overflow': 'NO',
            'range': '[50, 50]',
          }),
          'MathOperations.complexExpression().e|e_1': dict({
            'overflow': 'NO',
            'range': '[10, 10]',
          }),
        }),
      }),
      'complexExpressionOverflow': dict({
        'variables': dict({
          'MathOperations.complexExpressionOverflow().a|a_1': dict({
            'overflow': 'NO',
            'range': '[100, 100]',
          }),
          'MathOperations.complexExpressionOverflow().b|b_1': dict({
            'overflow': 'NO',
            'range': '[100, 100]',
          }),
        }),
      }),
      'divideByZero': dict({
        'variables': dict({
          'MathOperations.divideByZero().a|a_1': dict({
            'overflow': 'NO',
            'range': '[100, 100]',
          }),
          'MathOperations.divideByZero().b|b_1': dict({
            'overflow': 'NO',
            'range': '[0, 0]',
          }),
        }),
      }),
      'divideNumbers': dict({
        'variables': dict({
          'MathOperations.divideNumbers().a|a_1': dict({
            'overflow': 'NO',
            'range': '[144, 144]',
          }),
          'MathOperations.divideNumbers().b|b_1': dict({
            'overflow': 'NO',
            'range': '[12, 12]',
          }),
          'MathOperations.divideNumbers().c|c_1': dict({
            'overflow': 'NO',
            'range': '[12, 12]',
          }),
        }),
      }),
      'exponentiationNoOverflow': dict({
        'variables': dict({
          'MathOperations.exponentiationNoOverflow().base|base_1': dict({
            'overflow': 'NO',
            'range': '[2, 2]',
          }),
          'MathOperations.exponentiationNoOverflow().result|result_1': dict({
            'overflow': 'NO',
            'range': '[128, 128]',
          }),
        }),
      }),
      'exponentiationOverflow': dict({
        'variables': dict({
          'MathOperations.exponentiationOverflow().base|base_1': dict({
            'overflow': 'NO',
            'range': '[2, 2]',
          }),
          'MathOperations.exponentiationOverflow().exp|exp_1': dict({
            'overflow': 'NO',
            'range': '[8, 8]',
          }),
        }),
      }),
      'leftShiftNoOverflow': dict({
        'variables': dict({
          'MathOperations.leftShiftNoOverflow().a|a_1': dict({
            'overflow': 'NO',
            'range': '[1, 1]',
          }),
          'MathOperations.leftShiftNoOverflow().b|b_1': dict({
            'overflow': 'NO',
            'range': '[128, 128]',
          }),
        }),
      }),
      'leftShiftOverflow': dict({
        'variables': dict({
          'MathOperations.leftShiftOverflow().a|a_1': dict({
            'overflow': 'NO',
            'range': '[1, 1]',
          }),
          'MathOperations.leftShiftOverflow().b|b_1': dict({
            'overflow': 'NO',
            'range': '[0, 0]',
          }),
        }),
      }),
      'mixedSignedUnsigned': dict({
        'variables': dict({
          'MathOperations.mixedSignedUnsigned().a|a_1': dict({
            'overflow': 'NO',
            'range': '[50, 50]',
          }),
          'MathOperations.mixedSignedUnsigned().b|b_1': dict({
            'overflow': 'NO',
            'range': '[100, 100]',
          }),
          'MathOperations.mixedSignedUnsigned().c|c_1': dict({
            'overflow': 'NO',
            'range': '[150, 150]',
          }),
        }),
      }),
      'moduloOperation': dict({
        'variables': dict({
          'MathOperations.moduloOperation().a|a_1': dict({
            'overflow': 'NO',
            'range': '[17, 17]',
          }),
          'MathOperations.moduloOperation().b|b_1': dict({
            'overflow': 'NO',
            'range': '[5, 5]',
          }),
          'MathOperations.moduloOperation().c|c_1': dict({
            'overflow': 'NO',
            'range': '[2, 2]',
          }),
        }),
      }),
      'multiplyNoOverflow': dict({
        'variables': dict({
          'MathOperations.multiplyNoOverflow().a|a_1': dict({
            'overflow': 'NO',
            'range': '[15, 15]',
          }),
          'MathOperations.multiplyNoOverflow().b|b_1': dict({
            'overflow': 'NO',
            'range': '[17, 17]',
          }),
          'MathOperations.multiplyNoOverflow().c|c_1': dict({
            'overflow': 'NO',
            'range': '[255, 255]',
          }),
        }),
      }),
      'multiplyWithOverflow': dict({
        'variables': dict({
          'MathOperations.multiplyWithOverflow().a|a_1': dict({
            'overflow': 'NO',
            'range': '[16, 16]',
          }),
          'MathOperations.multiplyWithOverflow().b|b_1': dict({
            'overflow': 'NO',
            'range': '[16, 16]',
          }),
        }),
      }),
      'rightShift': dict({
        'variables': dict({
          'MathOperations.rightShift().a|a_1': dict({
            'overflow': 'NO',
            'range': '[128, 128]',
          }),
          'MathOperations.rightShift().b|b_1': dict({
            'overflow': 'NO',
            'range': '[16, 16]',
          }),
        }),
      }),
      'signedAdditionOverflow': dict({
        'variables': dict({
          'MathOperations.signedAdditionOverflow().a|a_1': dict({
            'overflow': 'NO',
            'range': '[100, 100]',
          }),
          'MathOperations.signedAdditionOverflow().b|b_1': dict({
            'overflow': 'NO',
            'range': '[50, 50]',
          }),
        }),
      }),
      'signedMultiplicationOverflow': dict({
        'variables': dict({
          'MathOperations.signedMultiplicationOverflow().a|a_1': dict({
            'overflow': 'NO',
            'range': '[-128, -128]',
          }),
          'MathOperations.signedMultiplicationOverflow().b|b_1': dict({
            'overflow': 'NO',
            'range': '[-1, -1]',
          }),
        }),
      }),
      'signedSubtractionUnderflow': dict({
        'variables': dict({
          'MathOperations.signedSubtractionUnderflow().a|a_1': dict({
            'overflow': 'NO',
            'range': '[-100, -100]',
          }),
          'MathOperations.signedSubtractionUnderflow().b|b_1': dict({
            'overflow': 'NO',
            'range': '[50, 50]',
          }),
        }),
      }),
      'subtractNoUnderflow': dict({
        'variables': dict({
          'MathOperations.subtractNoUnderflow().a|a_1': dict({
            'overflow': 'NO',
            'range': '[200, 200]',
          }),
          'MathOperations.subtractNoUnderflow().b|b_1': dict({
            'overflow': 'NO',
            'range': '[50, 50]',
          }),
          'MathOperations.subtractNoUnderflow().c|c_1': dict({
            'overflow': 'NO',
            'range': '[150, 150]',
          }),
        }),
      }),
      'subtractWithUnderflow': dict({
        'variables': dict({
          'MathOperations.subtractWithUnderflow().a|a_1': dict({
            'overflow': 'NO',
            'range': '[50, 50]',
          }),
          'MathOperations.subtractWithUnderflow().b|b_1': dict({
            'overflow': 'NO',
            'range': '[100, 100]',
          }),
        }),
      }),
      'uncheckedArithmetic': dict({
        'variables': dict({
          'MathOperations.uncheckedArithmetic().a|a_1': dict({
            'overflow': 'NO',
            'range': '[200, 200]',
          }),
          'MathOperations.uncheckedArithmetic().b|b_1': dict({
            'overflow': 'NO',
            'range': '[100, 100]',
          }),
          'MathOperations.uncheckedArithmetic().c|c_1': dict({
            'overflow': 'YES',
            'range': '[44, 44]',
          }),
        }),
      }),
      'uninitializedVariable': dict({
        'variables': dict({
          'MathOperations.uninitializedVariable().a': dict({
            'overflow': 'NO',
            'range': '[0, 0]',
          }),
          'MathOperations.uninitializedVariable().a|a_0': dict({
            'overflow': 'NO',
            'range': '[0, 0]',
          }),
          'MathOperations.uninitializedVariable().b|b_1': dict({
            'overflow': 'NO',
            'range': '[10, 10]',
          }),
        }),
      }),
    }),
  })
# ---
